Archive member included because of file (symbol)

/usr/local/CrossPack-AVR-20131216/lib/gcc/avr/4.8.1/avr51/libgcc.a(_exit.o)
                              /usr/local/CrossPack-AVR-20131216/lib/gcc/avr/4.8.1/../../../../avr/lib/avr51/crtm128.o (exit)
/usr/local/CrossPack-AVR-20131216/lib/gcc/avr/4.8.1/avr51/libgcc.a(_tablejump.o)
                              lab2_skel.o (__tablejump2__)
/usr/local/CrossPack-AVR-20131216/lib/gcc/avr/4.8.1/avr51/libgcc.a(_copy_data.o)
                              lab2_skel.o (__do_copy_data)
/usr/local/CrossPack-AVR-20131216/lib/gcc/avr/4.8.1/avr51/libgcc.a(_clear_bss.o)
                              lab2_skel.o (__do_clear_bss)
/usr/local/CrossPack-AVR-20131216/lib/gcc/avr/4.8.1/avr51/libgcc.a(_umulhisi3.o)
                              lab2_skel.o (__umulhisi3)

Memory Configuration

Name             Origin             Length             Attributes
text             0x00000000         0x00020000         xr
data             0x00800100         0x0000ff00         rw !x
eeprom           0x00810000         0x00010000         rw !x
fuse             0x00820000         0x00000400         rw !x
lock             0x00830000         0x00000400         rw !x
signature        0x00840000         0x00000400         rw !x
user_signatures  0x00850000         0x00000400         rw !x
*default*        0x00000000         0xffffffff

Linker script and memory map

Address of section .data set to 0x800100
LOAD /usr/local/CrossPack-AVR-20131216/lib/gcc/avr/4.8.1/../../../../avr/lib/avr51/crtm128.o
LOAD lab2_skel.o
START GROUP
LOAD /usr/local/CrossPack-AVR-20131216/lib/gcc/avr/4.8.1/avr51/libgcc.a
LOAD /usr/local/CrossPack-AVR-20131216/lib/gcc/avr/4.8.1/../../../../avr/lib/avr51/libm.a
LOAD /usr/local/CrossPack-AVR-20131216/lib/gcc/avr/4.8.1/../../../../avr/lib/avr51/libc.a
END GROUP

.hash
 *(.hash)

.dynsym
 *(.dynsym)

.dynstr
 *(.dynstr)

.gnu.version
 *(.gnu.version)

.gnu.version_d
 *(.gnu.version_d)

.gnu.version_r
 *(.gnu.version_r)

.rel.init
 *(.rel.init)

.rela.init
 *(.rela.init)

.rel.text
 *(.rel.text)
 *(.rel.text.*)
 *(.rel.gnu.linkonce.t*)

.rela.text
 *(.rela.text)
 *(.rela.text.*)
 *(.rela.gnu.linkonce.t*)

.rel.fini
 *(.rel.fini)

.rela.fini
 *(.rela.fini)

.rel.rodata
 *(.rel.rodata)
 *(.rel.rodata.*)
 *(.rel.gnu.linkonce.r*)

.rela.rodata
 *(.rela.rodata)
 *(.rela.rodata.*)
 *(.rela.gnu.linkonce.r*)

.rel.data
 *(.rel.data)
 *(.rel.data.*)
 *(.rel.gnu.linkonce.d*)

.rela.data
 *(.rela.data)
 *(.rela.data.*)
 *(.rela.gnu.linkonce.d*)

.rel.ctors
 *(.rel.ctors)

.rela.ctors
 *(.rela.ctors)

.rel.dtors
 *(.rel.dtors)

.rela.dtors
 *(.rela.dtors)

.rel.got
 *(.rel.got)

.rela.got
 *(.rela.got)

.rel.bss
 *(.rel.bss)

.rela.bss
 *(.rela.bss)

.rel.plt
 *(.rel.plt)

.rela.plt
 *(.rela.plt)

.text           0x00000000      0x578
 *(.vectors)
 .vectors       0x00000000       0x8c /usr/local/CrossPack-AVR-20131216/lib/gcc/avr/4.8.1/../../../../avr/lib/avr51/crtm128.o
                0x00000000                __vectors
                0x00000000                __vector_default
 *(.vectors)
 *(.progmem.gcc*)
 .progmem.gcc_sw_table
                0x0000008c       0x14 lab2_skel.o
                0x000000a0                . = ALIGN (0x2)
                0x000000a0                __trampolines_start = .
 *(.trampolines)
 .trampolines   0x000000a0        0x0 linker stubs
 *(.trampolines*)
                0x000000a0                __trampolines_end = .
 *(.progmem*)
                0x000000a0                . = ALIGN (0x2)
 *(.jumptables)
 *(.jumptables*)
 *(.lowtext)
 *(.lowtext*)
                0x000000a0                __ctors_start = .
 *(.ctors)
                0x000000a0                __ctors_end = .
                0x000000a0                __dtors_start = .
 *(.dtors)
                0x000000a0                __dtors_end = .
 SORT(*)(.ctors)
 SORT(*)(.dtors)
 *(.init0)
 .init0         0x000000a0        0x0 /usr/local/CrossPack-AVR-20131216/lib/gcc/avr/4.8.1/../../../../avr/lib/avr51/crtm128.o
                0x000000a0                __init
 *(.init0)
 *(.init1)
 *(.init1)
 *(.init2)
 .init2         0x000000a0        0xc /usr/local/CrossPack-AVR-20131216/lib/gcc/avr/4.8.1/../../../../avr/lib/avr51/crtm128.o
 *(.init2)
 *(.init3)
 *(.init3)
 *(.init4)
 .init4         0x000000ac       0x1a /usr/local/CrossPack-AVR-20131216/lib/gcc/avr/4.8.1/avr51/libgcc.a(_copy_data.o)
                0x000000ac                __do_copy_data
 .init4         0x000000c6       0x10 /usr/local/CrossPack-AVR-20131216/lib/gcc/avr/4.8.1/avr51/libgcc.a(_clear_bss.o)
                0x000000c6                __do_clear_bss
 *(.init4)
 *(.init5)
 *(.init5)
 *(.init6)
 *(.init6)
 *(.init7)
 *(.init7)
 *(.init8)
 *(.init8)
 *(.init9)
 .init9         0x000000d6        0x8 /usr/local/CrossPack-AVR-20131216/lib/gcc/avr/4.8.1/../../../../avr/lib/avr51/crtm128.o
 *(.init9)
 *(.text)
 .text          0x000000de        0x4 /usr/local/CrossPack-AVR-20131216/lib/gcc/avr/4.8.1/../../../../avr/lib/avr51/crtm128.o
                0x000000de                __vector_20
                0x000000de                __vector_28
                0x000000de                __vector_1
                0x000000de                __vector_32
                0x000000de                __vector_34
                0x000000de                __vector_24
                0x000000de                __vector_12
                0x000000de                __bad_interrupt
                0x000000de                __vector_6
                0x000000de                __vector_31
                0x000000de                __vector_3
                0x000000de                __vector_23
                0x000000de                __vector_30
                0x000000de                __vector_25
                0x000000de                __vector_11
                0x000000de                __vector_13
                0x000000de                __vector_17
                0x000000de                __vector_19
                0x000000de                __vector_7
                0x000000de                __vector_27
                0x000000de                __vector_5
                0x000000de                __vector_33
                0x000000de                __vector_4
                0x000000de                __vector_9
                0x000000de                __vector_2
                0x000000de                __vector_21
                0x000000de                __vector_15
                0x000000de                __vector_29
                0x000000de                __vector_8
                0x000000de                __vector_26
                0x000000de                __vector_14
                0x000000de                __vector_10
                0x000000de                __vector_16
                0x000000de                __vector_18
                0x000000de                __vector_22
 .text          0x000000e2      0x242 lab2_skel.o
                0x000000e2                chk_buttons
                0x0000015c                segment_value
                0x0000027c                segment_sum
 .text          0x00000324        0x0 /usr/local/CrossPack-AVR-20131216/lib/gcc/avr/4.8.1/avr51/libgcc.a(_exit.o)
 .text          0x00000324        0x0 /usr/local/CrossPack-AVR-20131216/lib/gcc/avr/4.8.1/avr51/libgcc.a(_tablejump.o)
 .text          0x00000324        0x0 /usr/local/CrossPack-AVR-20131216/lib/gcc/avr/4.8.1/avr51/libgcc.a(_copy_data.o)
 .text          0x00000324        0x0 /usr/local/CrossPack-AVR-20131216/lib/gcc/avr/4.8.1/avr51/libgcc.a(_clear_bss.o)
 .text          0x00000324        0x0 /usr/local/CrossPack-AVR-20131216/lib/gcc/avr/4.8.1/avr51/libgcc.a(_umulhisi3.o)
                0x00000324                . = ALIGN (0x2)
 *(.text.*)
 .text.startup  0x00000324      0x226 lab2_skel.o
                0x00000324                main
 .text.libgcc.mul
                0x0000054a        0x0 /usr/local/CrossPack-AVR-20131216/lib/gcc/avr/4.8.1/avr51/libgcc.a(_exit.o)
 .text.libgcc.div
                0x0000054a        0x0 /usr/local/CrossPack-AVR-20131216/lib/gcc/avr/4.8.1/avr51/libgcc.a(_exit.o)
 .text.libgcc   0x0000054a        0x0 /usr/local/CrossPack-AVR-20131216/lib/gcc/avr/4.8.1/avr51/libgcc.a(_exit.o)
 .text.libgcc.prologue
                0x0000054a        0x0 /usr/local/CrossPack-AVR-20131216/lib/gcc/avr/4.8.1/avr51/libgcc.a(_exit.o)
 .text.libgcc.builtins
                0x0000054a        0x0 /usr/local/CrossPack-AVR-20131216/lib/gcc/avr/4.8.1/avr51/libgcc.a(_exit.o)
 .text.libgcc.fmul
                0x0000054a        0x0 /usr/local/CrossPack-AVR-20131216/lib/gcc/avr/4.8.1/avr51/libgcc.a(_exit.o)
 .text.libgcc.fixed
                0x0000054a        0x0 /usr/local/CrossPack-AVR-20131216/lib/gcc/avr/4.8.1/avr51/libgcc.a(_exit.o)
 .text.libgcc.mul
                0x0000054a        0x0 /usr/local/CrossPack-AVR-20131216/lib/gcc/avr/4.8.1/avr51/libgcc.a(_tablejump.o)
 .text.libgcc.div
                0x0000054a        0x0 /usr/local/CrossPack-AVR-20131216/lib/gcc/avr/4.8.1/avr51/libgcc.a(_tablejump.o)
 .text.libgcc   0x0000054a        0xc /usr/local/CrossPack-AVR-20131216/lib/gcc/avr/4.8.1/avr51/libgcc.a(_tablejump.o)
                0x0000054a                __tablejump2__
                0x0000054e                __tablejump__
 .text.libgcc.prologue
                0x00000556        0x0 /usr/local/CrossPack-AVR-20131216/lib/gcc/avr/4.8.1/avr51/libgcc.a(_tablejump.o)
 .text.libgcc.builtins
                0x00000556        0x0 /usr/local/CrossPack-AVR-20131216/lib/gcc/avr/4.8.1/avr51/libgcc.a(_tablejump.o)
 .text.libgcc.fmul
                0x00000556        0x0 /usr/local/CrossPack-AVR-20131216/lib/gcc/avr/4.8.1/avr51/libgcc.a(_tablejump.o)
 .text.libgcc.fixed
                0x00000556        0x0 /usr/local/CrossPack-AVR-20131216/lib/gcc/avr/4.8.1/avr51/libgcc.a(_tablejump.o)
 .text.libgcc.mul
                0x00000556        0x0 /usr/local/CrossPack-AVR-20131216/lib/gcc/avr/4.8.1/avr51/libgcc.a(_copy_data.o)
 .text.libgcc.div
                0x00000556        0x0 /usr/local/CrossPack-AVR-20131216/lib/gcc/avr/4.8.1/avr51/libgcc.a(_copy_data.o)
 .text.libgcc   0x00000556        0x0 /usr/local/CrossPack-AVR-20131216/lib/gcc/avr/4.8.1/avr51/libgcc.a(_copy_data.o)
 .text.libgcc.prologue
                0x00000556        0x0 /usr/local/CrossPack-AVR-20131216/lib/gcc/avr/4.8.1/avr51/libgcc.a(_copy_data.o)
 .text.libgcc.builtins
                0x00000556        0x0 /usr/local/CrossPack-AVR-20131216/lib/gcc/avr/4.8.1/avr51/libgcc.a(_copy_data.o)
 .text.libgcc.fmul
                0x00000556        0x0 /usr/local/CrossPack-AVR-20131216/lib/gcc/avr/4.8.1/avr51/libgcc.a(_copy_data.o)
 .text.libgcc.fixed
                0x00000556        0x0 /usr/local/CrossPack-AVR-20131216/lib/gcc/avr/4.8.1/avr51/libgcc.a(_copy_data.o)
 .text.libgcc.mul
                0x00000556        0x0 /usr/local/CrossPack-AVR-20131216/lib/gcc/avr/4.8.1/avr51/libgcc.a(_clear_bss.o)
 .text.libgcc.div
                0x00000556        0x0 /usr/local/CrossPack-AVR-20131216/lib/gcc/avr/4.8.1/avr51/libgcc.a(_clear_bss.o)
 .text.libgcc   0x00000556        0x0 /usr/local/CrossPack-AVR-20131216/lib/gcc/avr/4.8.1/avr51/libgcc.a(_clear_bss.o)
 .text.libgcc.prologue
                0x00000556        0x0 /usr/local/CrossPack-AVR-20131216/lib/gcc/avr/4.8.1/avr51/libgcc.a(_clear_bss.o)
 .text.libgcc.builtins
                0x00000556        0x0 /usr/local/CrossPack-AVR-20131216/lib/gcc/avr/4.8.1/avr51/libgcc.a(_clear_bss.o)
 .text.libgcc.fmul
                0x00000556        0x0 /usr/local/CrossPack-AVR-20131216/lib/gcc/avr/4.8.1/avr51/libgcc.a(_clear_bss.o)
 .text.libgcc.fixed
                0x00000556        0x0 /usr/local/CrossPack-AVR-20131216/lib/gcc/avr/4.8.1/avr51/libgcc.a(_clear_bss.o)
 .text.libgcc.mul
                0x00000556       0x1e /usr/local/CrossPack-AVR-20131216/lib/gcc/avr/4.8.1/avr51/libgcc.a(_umulhisi3.o)
                0x00000556                __umulhisi3
 .text.libgcc.div
                0x00000574        0x0 /usr/local/CrossPack-AVR-20131216/lib/gcc/avr/4.8.1/avr51/libgcc.a(_umulhisi3.o)
 .text.libgcc   0x00000574        0x0 /usr/local/CrossPack-AVR-20131216/lib/gcc/avr/4.8.1/avr51/libgcc.a(_umulhisi3.o)
 .text.libgcc.prologue
                0x00000574        0x0 /usr/local/CrossPack-AVR-20131216/lib/gcc/avr/4.8.1/avr51/libgcc.a(_umulhisi3.o)
 .text.libgcc.builtins
                0x00000574        0x0 /usr/local/CrossPack-AVR-20131216/lib/gcc/avr/4.8.1/avr51/libgcc.a(_umulhisi3.o)
 .text.libgcc.fmul
                0x00000574        0x0 /usr/local/CrossPack-AVR-20131216/lib/gcc/avr/4.8.1/avr51/libgcc.a(_umulhisi3.o)
 .text.libgcc.fixed
                0x00000574        0x0 /usr/local/CrossPack-AVR-20131216/lib/gcc/avr/4.8.1/avr51/libgcc.a(_umulhisi3.o)
                0x00000574                . = ALIGN (0x2)
 *(.fini9)
 .fini9         0x00000574        0x0 /usr/local/CrossPack-AVR-20131216/lib/gcc/avr/4.8.1/avr51/libgcc.a(_exit.o)
                0x00000574                exit
                0x00000574                _exit
 *(.fini9)
 *(.fini8)
 *(.fini8)
 *(.fini7)
 *(.fini7)
 *(.fini6)
 *(.fini6)
 *(.fini5)
 *(.fini5)
 *(.fini4)
 *(.fini4)
 *(.fini3)
 *(.fini3)
 *(.fini2)
 *(.fini2)
 *(.fini1)
 *(.fini1)
 *(.fini0)
 .fini0         0x00000574        0x4 /usr/local/CrossPack-AVR-20131216/lib/gcc/avr/4.8.1/avr51/libgcc.a(_exit.o)
 *(.fini0)
                0x00000578                _etext = .

.data           0x00800100        0x8 load address 0x00000578
                0x00800100                PROVIDE (__data_start, .)
 *(.data)
 .data          0x00800100        0x0 /usr/local/CrossPack-AVR-20131216/lib/gcc/avr/4.8.1/../../../../avr/lib/avr51/crtm128.o
 .data          0x00800100        0x0 lab2_skel.o
 .data          0x00800100        0x0 /usr/local/CrossPack-AVR-20131216/lib/gcc/avr/4.8.1/avr51/libgcc.a(_exit.o)
 .data          0x00800100        0x0 /usr/local/CrossPack-AVR-20131216/lib/gcc/avr/4.8.1/avr51/libgcc.a(_tablejump.o)
 .data          0x00800100        0x0 /usr/local/CrossPack-AVR-20131216/lib/gcc/avr/4.8.1/avr51/libgcc.a(_copy_data.o)
 .data          0x00800100        0x0 /usr/local/CrossPack-AVR-20131216/lib/gcc/avr/4.8.1/avr51/libgcc.a(_clear_bss.o)
 .data          0x00800100        0x0 /usr/local/CrossPack-AVR-20131216/lib/gcc/avr/4.8.1/avr51/libgcc.a(_umulhisi3.o)
 *(.data*)
 *(.rodata)
 .rodata        0x00800100        0x7 lab2_skel.o
 *(.rodata*)
 *(.gnu.linkonce.d*)
                0x00800108                . = ALIGN (0x2)
 *fill*         0x00800107        0x1 
                0x00800108                _edata = .
                0x00800108                PROVIDE (__data_end, .)

.bss            0x00800108       0x1d
                0x00800108                PROVIDE (__bss_start, .)
 *(.bss)
 .bss           0x00800108        0x0 /usr/local/CrossPack-AVR-20131216/lib/gcc/avr/4.8.1/../../../../avr/lib/avr51/crtm128.o
 .bss           0x00800108       0x1d lab2_skel.o
                0x00800108                SEG
                0x00800111                a
 .bss           0x00800125        0x0 /usr/local/CrossPack-AVR-20131216/lib/gcc/avr/4.8.1/avr51/libgcc.a(_exit.o)
 .bss           0x00800125        0x0 /usr/local/CrossPack-AVR-20131216/lib/gcc/avr/4.8.1/avr51/libgcc.a(_tablejump.o)
 .bss           0x00800125        0x0 /usr/local/CrossPack-AVR-20131216/lib/gcc/avr/4.8.1/avr51/libgcc.a(_copy_data.o)
 .bss           0x00800125        0x0 /usr/local/CrossPack-AVR-20131216/lib/gcc/avr/4.8.1/avr51/libgcc.a(_clear_bss.o)
 .bss           0x00800125        0x0 /usr/local/CrossPack-AVR-20131216/lib/gcc/avr/4.8.1/avr51/libgcc.a(_umulhisi3.o)
 *(.bss*)
 *(COMMON)
                0x00800125                PROVIDE (__bss_end, .)
                0x00000578                __data_load_start = LOADADDR (.data)
                0x00000580                __data_load_end = (__data_load_start + SIZEOF (.data))

.noinit         0x00800125        0x0
                0x00800125                PROVIDE (__noinit_start, .)
 *(.noinit*)
                0x00800125                PROVIDE (__noinit_end, .)
                0x00800125                _end = .
                0x00800125                PROVIDE (__heap_start, .)

.eeprom         0x00810000        0x0
 *(.eeprom*)
                0x00810000                __eeprom_end = .

.fuse
 *(.fuse)
 *(.lfuse)
 *(.hfuse)
 *(.efuse)

.lock
 *(.lock*)

.signature
 *(.signature*)

.user_signatures
 *(.user_signatures*)

.stab
 *(.stab)

.stabstr
 *(.stabstr)

.stab.excl
 *(.stab.excl)

.stab.exclstr
 *(.stab.exclstr)

.stab.index
 *(.stab.index)

.stab.indexstr
 *(.stab.indexstr)

.comment        0x00000000       0x11
 *(.comment)
 .comment       0x00000000       0x11 lab2_skel.o
                                 0x12 (size before relaxing)

.debug
 *(.debug)

.line
 *(.line)

.debug_srcinfo
 *(.debug_srcinfo)

.debug_sfnames
 *(.debug_sfnames)

.debug_aranges  0x00000000       0xc8
 *(.debug_aranges)
 .debug_aranges
                0x00000000       0x28 lab2_skel.o
 .debug_aranges
                0x00000028       0x20 /usr/local/CrossPack-AVR-20131216/lib/gcc/avr/4.8.1/avr51/libgcc.a(_exit.o)
 .debug_aranges
                0x00000048       0x20 /usr/local/CrossPack-AVR-20131216/lib/gcc/avr/4.8.1/avr51/libgcc.a(_tablejump.o)
 .debug_aranges
                0x00000068       0x20 /usr/local/CrossPack-AVR-20131216/lib/gcc/avr/4.8.1/avr51/libgcc.a(_copy_data.o)
 .debug_aranges
                0x00000088       0x20 /usr/local/CrossPack-AVR-20131216/lib/gcc/avr/4.8.1/avr51/libgcc.a(_clear_bss.o)
 .debug_aranges
                0x000000a8       0x20 /usr/local/CrossPack-AVR-20131216/lib/gcc/avr/4.8.1/avr51/libgcc.a(_umulhisi3.o)

.debug_pubnames
 *(.debug_pubnames)

.debug_info     0x00000000      0x73b
 *(.debug_info)
 .debug_info    0x00000000      0x380 lab2_skel.o
 .debug_info    0x00000380       0xbf /usr/local/CrossPack-AVR-20131216/lib/gcc/avr/4.8.1/avr51/libgcc.a(_exit.o)
 .debug_info    0x0000043f       0xbf /usr/local/CrossPack-AVR-20131216/lib/gcc/avr/4.8.1/avr51/libgcc.a(_tablejump.o)
 .debug_info    0x000004fe       0xbf /usr/local/CrossPack-AVR-20131216/lib/gcc/avr/4.8.1/avr51/libgcc.a(_copy_data.o)
 .debug_info    0x000005bd       0xbf /usr/local/CrossPack-AVR-20131216/lib/gcc/avr/4.8.1/avr51/libgcc.a(_clear_bss.o)
 .debug_info    0x0000067c       0xbf /usr/local/CrossPack-AVR-20131216/lib/gcc/avr/4.8.1/avr51/libgcc.a(_umulhisi3.o)
 *(.gnu.linkonce.wi.*)

.debug_abbrev   0x00000000      0x221
 *(.debug_abbrev)
 .debug_abbrev  0x00000000      0x1bd lab2_skel.o
 .debug_abbrev  0x000001bd       0x14 /usr/local/CrossPack-AVR-20131216/lib/gcc/avr/4.8.1/avr51/libgcc.a(_exit.o)
 .debug_abbrev  0x000001d1       0x14 /usr/local/CrossPack-AVR-20131216/lib/gcc/avr/4.8.1/avr51/libgcc.a(_tablejump.o)
 .debug_abbrev  0x000001e5       0x14 /usr/local/CrossPack-AVR-20131216/lib/gcc/avr/4.8.1/avr51/libgcc.a(_copy_data.o)
 .debug_abbrev  0x000001f9       0x14 /usr/local/CrossPack-AVR-20131216/lib/gcc/avr/4.8.1/avr51/libgcc.a(_clear_bss.o)
 .debug_abbrev  0x0000020d       0x14 /usr/local/CrossPack-AVR-20131216/lib/gcc/avr/4.8.1/avr51/libgcc.a(_umulhisi3.o)

.debug_line     0x00000000      0x360
 *(.debug_line)
 .debug_line    0x00000000      0x186 lab2_skel.o
 .debug_line    0x00000186       0x58 /usr/local/CrossPack-AVR-20131216/lib/gcc/avr/4.8.1/avr51/libgcc.a(_exit.o)
 .debug_line    0x000001de       0x5c /usr/local/CrossPack-AVR-20131216/lib/gcc/avr/4.8.1/avr51/libgcc.a(_tablejump.o)
 .debug_line    0x0000023a       0x63 /usr/local/CrossPack-AVR-20131216/lib/gcc/avr/4.8.1/avr51/libgcc.a(_copy_data.o)
 .debug_line    0x0000029d       0x5e /usr/local/CrossPack-AVR-20131216/lib/gcc/avr/4.8.1/avr51/libgcc.a(_clear_bss.o)
 .debug_line    0x000002fb       0x65 /usr/local/CrossPack-AVR-20131216/lib/gcc/avr/4.8.1/avr51/libgcc.a(_umulhisi3.o)

.debug_frame    0x00000000       0x84
 *(.debug_frame)
 .debug_frame   0x00000000       0x84 lab2_skel.o

.debug_str      0x00000000      0x141
 *(.debug_str)
 .debug_str     0x00000000      0x141 lab2_skel.o
                                0x184 (size before relaxing)

.debug_loc      0x00000000      0x546
 *(.debug_loc)
 .debug_loc     0x00000000      0x546 lab2_skel.o

.debug_macinfo
 *(.debug_macinfo)

.debug_pubtypes
 *(.debug_pubtypes)

.debug_ranges   0x00000000       0x30
 *(.debug_ranges)
 .debug_ranges  0x00000000       0x30 lab2_skel.o

.debug_macro
 *(.debug_macro)
OUTPUT(lab2_skel.elf elf32-avr)
LOAD linker stubs
