Archive member included because of file (symbol)

/usr/local/CrossPack-AVR-20131216/lib/gcc/avr/4.8.1/avr51/libgcc.a(_exit.o)
                              /usr/local/CrossPack-AVR-20131216/lib/gcc/avr/4.8.1/../../../../avr/lib/avr51/crtm128.o (exit)
/usr/local/CrossPack-AVR-20131216/lib/gcc/avr/4.8.1/avr51/libgcc.a(_tablejump.o)
                              lab5.o (__tablejump2__)
/usr/local/CrossPack-AVR-20131216/lib/gcc/avr/4.8.1/avr51/libgcc.a(_copy_data.o)
                              lab5.o (__do_copy_data)
/usr/local/CrossPack-AVR-20131216/lib/gcc/avr/4.8.1/avr51/libgcc.a(_clear_bss.o)
                              lab5.o (__do_clear_bss)
/usr/local/CrossPack-AVR-20131216/lib/gcc/avr/4.8.1/../../../../avr/lib/avr51/libc.a(itoa.o)
                              lab5.o (itoa)
/usr/local/CrossPack-AVR-20131216/lib/gcc/avr/4.8.1/../../../../avr/lib/avr51/libc.a(itoa_ncheck.o)
                              /usr/local/CrossPack-AVR-20131216/lib/gcc/avr/4.8.1/../../../../avr/lib/avr51/libc.a(itoa.o) (__itoa_ncheck)
/usr/local/CrossPack-AVR-20131216/lib/gcc/avr/4.8.1/../../../../avr/lib/avr51/libc.a(utoa_ncheck.o)
                              /usr/local/CrossPack-AVR-20131216/lib/gcc/avr/4.8.1/../../../../avr/lib/avr51/libc.a(itoa_ncheck.o) (__utoa_common)
/usr/local/CrossPack-AVR-20131216/lib/gcc/avr/4.8.1/../../../../avr/lib/avr51/libc.a(sprintf.o)
                              lab5.o (sprintf)
/usr/local/CrossPack-AVR-20131216/lib/gcc/avr/4.8.1/../../../../avr/lib/avr51/libc.a(vfprintf_std.o)
                              /usr/local/CrossPack-AVR-20131216/lib/gcc/avr/4.8.1/../../../../avr/lib/avr51/libc.a(sprintf.o) (vfprintf)
/usr/local/CrossPack-AVR-20131216/lib/gcc/avr/4.8.1/../../../../avr/lib/avr51/libc.a(eerd_byte_atmega128.o)
                              si4734.o (__eerd_byte_m128)
/usr/local/CrossPack-AVR-20131216/lib/gcc/avr/4.8.1/../../../../avr/lib/avr51/libc.a(eerd_word_atmega128.o)
                              si4734.o (__eerd_word_m128)
/usr/local/CrossPack-AVR-20131216/lib/gcc/avr/4.8.1/../../../../avr/lib/avr51/libc.a(eewr_byte_atmega128.o)
                              si4734.o (__eewr_byte_m128)
/usr/local/CrossPack-AVR-20131216/lib/gcc/avr/4.8.1/../../../../avr/lib/avr51/libc.a(eewr_word_atmega128.o)
                              si4734.o (__eewr_word_m128)
/usr/local/CrossPack-AVR-20131216/lib/gcc/avr/4.8.1/../../../../avr/lib/avr51/libc.a(strnlen_P.o)
                              /usr/local/CrossPack-AVR-20131216/lib/gcc/avr/4.8.1/../../../../avr/lib/avr51/libc.a(vfprintf_std.o) (strnlen_P)
/usr/local/CrossPack-AVR-20131216/lib/gcc/avr/4.8.1/../../../../avr/lib/avr51/libc.a(strnlen.o)
                              /usr/local/CrossPack-AVR-20131216/lib/gcc/avr/4.8.1/../../../../avr/lib/avr51/libc.a(vfprintf_std.o) (strnlen)
/usr/local/CrossPack-AVR-20131216/lib/gcc/avr/4.8.1/../../../../avr/lib/avr51/libc.a(strrev.o)
                              /usr/local/CrossPack-AVR-20131216/lib/gcc/avr/4.8.1/../../../../avr/lib/avr51/libc.a(utoa_ncheck.o) (strrev)
/usr/local/CrossPack-AVR-20131216/lib/gcc/avr/4.8.1/../../../../avr/lib/avr51/libc.a(fputc.o)
                              /usr/local/CrossPack-AVR-20131216/lib/gcc/avr/4.8.1/../../../../avr/lib/avr51/libc.a(vfprintf_std.o) (fputc)
/usr/local/CrossPack-AVR-20131216/lib/gcc/avr/4.8.1/../../../../avr/lib/avr51/libc.a(ultoa_invert.o)
                              /usr/local/CrossPack-AVR-20131216/lib/gcc/avr/4.8.1/../../../../avr/lib/avr51/libc.a(vfprintf_std.o) (__ultoa_invert)
/usr/local/CrossPack-AVR-20131216/lib/gcc/avr/4.8.1/../../../../avr/lib/avr51/libc.a(eerd_block_atmega128.o)
                              /usr/local/CrossPack-AVR-20131216/lib/gcc/avr/4.8.1/../../../../avr/lib/avr51/libc.a(eerd_word_atmega128.o) (__eerd_blraw_m128)

Allocating common symbols
Common symbol       size              file

time_notation       0x1               lab5.o
s2_timer            0x1               lab5.o
eeprom_volume       0x1               lab5.o
music_off_flag      0x1               lab5.o
eeprom_fm_freq      0x2               lab5.o
rcv_rdy             0x1               lab5.o
uart_tx_buf         0x28              usart.o
twi_state           0x1               twi_master.o
count_sign          0x1               lab5.o
digit_data          0x5               lab5.o
notes               0x1               lab5.o
twi_buf             0x2               twi_master.o
changeTimeDisplay   0x1               lab5.o
volume              0x2               lab5.o
song                0x1               lab5.o
si4734_wr_buf       0x9               si4734.o
ms                  0x1               lab5.o
lm73_wr_buf         0x2               lm73_functions_skel.o
lm73_temp           0x2               lab5.o
si4734_tune_status_buf
                    0x8               si4734.o
eeprom_am_freq      0x2               lab5.o
max_beat            0x2               lab5.o
current_volume      0x1               lab5.o
si4734_revision_buf
                    0x10              si4734.o
colon_state         0x1               lab5.o
frequency_data      0x5               lab5.o
twi_bus_addr        0x1               twi_master.o
beat                0x2               lab5.o
lcd_str             0x10              LCDDriver.o
frequency_buffer    0x10              lab5.o
twi_msg_size        0x1               twi_master.o
inc_multiple        0x1               lab5.o
current_am_freq     0x2               lab5.o
mega128_temp_str    0x10              lab5.o
leftState           0x1               lab5.o
changeAlarmDisplay  0x1               lab5.o
STC_interrupt       0x1               lab5.o
rightState          0x1               lab5.o
current_sw_freq     0x2               lab5.o
lm73_rd_buf         0x2               lm73_functions_skel.o
uart_rx_buf         0x28              usart.o
rssi                0x1               lab5.o
prevRightState      0x1               lab5.o
eeprom_sw_freq      0x2               lab5.o
si4734_rd_buf       0xf               si4734.o
mega48_temp_str     0x10              lab5.o
prevLeftState       0x1               lab5.o
rx_char             0x1               lab5.o

Memory Configuration

Name             Origin             Length             Attributes
text             0x00000000         0x00020000         xr
data             0x00800100         0x0000ff00         rw !x
eeprom           0x00810000         0x00010000         rw !x
fuse             0x00820000         0x00000400         rw !x
lock             0x00830000         0x00000400         rw !x
signature        0x00840000         0x00000400         rw !x
user_signatures  0x00850000         0x00000400         rw !x
*default*        0x00000000         0xffffffff

Linker script and memory map

Address of section .data set to 0x800100
LOAD /usr/local/CrossPack-AVR-20131216/lib/gcc/avr/4.8.1/../../../../avr/lib/avr51/crtm128.o
LOAD lab5.o
LOAD twi_master.o
LOAD usart.o
LOAD lm73_functions_skel.o
LOAD LCDDriver.o
LOAD si4734.o
START GROUP
LOAD /usr/local/CrossPack-AVR-20131216/lib/gcc/avr/4.8.1/avr51/libgcc.a
LOAD /usr/local/CrossPack-AVR-20131216/lib/gcc/avr/4.8.1/../../../../avr/lib/avr51/libm.a
LOAD /usr/local/CrossPack-AVR-20131216/lib/gcc/avr/4.8.1/../../../../avr/lib/avr51/libc.a
END GROUP

.hash
 *(.hash)

.dynsym
 *(.dynsym)

.dynstr
 *(.dynstr)

.gnu.version
 *(.gnu.version)

.gnu.version_d
 *(.gnu.version_d)

.gnu.version_r
 *(.gnu.version_r)

.rel.init
 *(.rel.init)

.rela.init
 *(.rela.init)

.rel.text
 *(.rel.text)
 *(.rel.text.*)
 *(.rel.gnu.linkonce.t*)

.rela.text
 *(.rela.text)
 *(.rela.text.*)
 *(.rela.gnu.linkonce.t*)

.rel.fini
 *(.rel.fini)

.rela.fini
 *(.rela.fini)

.rel.rodata
 *(.rel.rodata)
 *(.rel.rodata.*)
 *(.rel.gnu.linkonce.r*)

.rela.rodata
 *(.rela.rodata)
 *(.rela.rodata.*)
 *(.rela.gnu.linkonce.r*)

.rel.data
 *(.rel.data)
 *(.rel.data.*)
 *(.rel.gnu.linkonce.d*)

.rela.data
 *(.rela.data)
 *(.rela.data.*)
 *(.rela.gnu.linkonce.d*)

.rel.ctors
 *(.rel.ctors)

.rela.ctors
 *(.rela.ctors)

.rel.dtors
 *(.rel.dtors)

.rela.dtors
 *(.rela.dtors)

.rel.got
 *(.rel.got)

.rela.got
 *(.rela.got)

.rel.bss
 *(.rel.bss)

.rela.bss
 *(.rela.bss)

.rel.plt
 *(.rel.plt)

.rela.plt
 *(.rela.plt)

.text           0x00000000     0x41ac
 *(.vectors)
 .vectors       0x00000000       0x8c /usr/local/CrossPack-AVR-20131216/lib/gcc/avr/4.8.1/../../../../avr/lib/avr51/crtm128.o
                0x00000000                __vectors
                0x00000000                __vector_default
 *(.vectors)
 *(.progmem.gcc*)
 .progmem.gcc_sw_table
                0x0000008c      0x332 lab5.o
 .progmem.gcc_sw_table
                0x000003be       0xa2 twi_master.o
                0x00000460                . = ALIGN (0x2)
                0x00000460                __trampolines_start = .
 *(.trampolines)
 .trampolines   0x00000460        0x0 linker stubs
 *(.trampolines*)
                0x00000460                __trampolines_end = .
 *(.progmem*)
                0x00000460                . = ALIGN (0x2)
 *(.jumptables)
 *(.jumptables*)
 *(.lowtext)
 *(.lowtext*)
                0x00000460                __ctors_start = .
 *(.ctors)
                0x00000460                __ctors_end = .
                0x00000460                __dtors_start = .
 *(.dtors)
                0x00000460                __dtors_end = .
 SORT(*)(.ctors)
 SORT(*)(.dtors)
 *(.init0)
 .init0         0x00000460        0x0 /usr/local/CrossPack-AVR-20131216/lib/gcc/avr/4.8.1/../../../../avr/lib/avr51/crtm128.o
                0x00000460                __init
 *(.init0)
 *(.init1)
 *(.init1)
 *(.init2)
 .init2         0x00000460        0xc /usr/local/CrossPack-AVR-20131216/lib/gcc/avr/4.8.1/../../../../avr/lib/avr51/crtm128.o
 *(.init2)
 *(.init3)
 *(.init3)
 *(.init4)
 .init4         0x0000046c       0x1a /usr/local/CrossPack-AVR-20131216/lib/gcc/avr/4.8.1/avr51/libgcc.a(_copy_data.o)
                0x0000046c                __do_copy_data
 .init4         0x00000486       0x10 /usr/local/CrossPack-AVR-20131216/lib/gcc/avr/4.8.1/avr51/libgcc.a(_clear_bss.o)
                0x00000486                __do_clear_bss
 *(.init4)
 *(.init5)
 *(.init5)
 *(.init6)
 *(.init6)
 *(.init7)
 *(.init7)
 *(.init8)
 *(.init8)
 *(.init9)
 .init9         0x00000496        0x8 /usr/local/CrossPack-AVR-20131216/lib/gcc/avr/4.8.1/../../../../avr/lib/avr51/crtm128.o
 *(.init9)
 *(.text)
 .text          0x0000049e        0x4 /usr/local/CrossPack-AVR-20131216/lib/gcc/avr/4.8.1/../../../../avr/lib/avr51/crtm128.o
                0x0000049e                __vector_20
                0x0000049e                __vector_28
                0x0000049e                __vector_1
                0x0000049e                __vector_32
                0x0000049e                __vector_34
                0x0000049e                __vector_24
                0x0000049e                __bad_interrupt
                0x0000049e                __vector_6
                0x0000049e                __vector_31
                0x0000049e                __vector_3
                0x0000049e                __vector_23
                0x0000049e                __vector_30
                0x0000049e                __vector_25
                0x0000049e                __vector_11
                0x0000049e                __vector_13
                0x0000049e                __vector_17
                0x0000049e                __vector_19
                0x0000049e                __vector_7
                0x0000049e                __vector_27
                0x0000049e                __vector_4
                0x0000049e                __vector_9
                0x0000049e                __vector_2
                0x0000049e                __vector_15
                0x0000049e                __vector_29
                0x0000049e                __vector_8
                0x0000049e                __vector_14
                0x0000049e                __vector_10
                0x0000049e                __vector_22
 .text          0x000004a2     0x2592 lab5.o
                0x000004a2                play_rest
                0x000004b8                play_note
                0x00000ad2                song0
                0x00000c9a                song1
                0x00000e62                song2
                0x000017da                song3
                0x000018a6                play_song
                0x000018d4                music_off
                0x000018e8                music_on
                0x00001906                music_init
                0x0000194c                __vector_12
                0x000019ca                chk_buttons
                0x00001a46                segment_value
                0x00001b38                segment_display
                0x00001be2                spi_init
                0x00001bec                tcnt0_init
                0x00001c00                tcnt2_init
                0x00001c16                tcnt3_init
                0x00001c40                adc_init
                0x00001c68                encoders
                0x00001ea2                __vector_26
                0x00001f08                __vector_21
                0x00001fe0                run_alarm
                0x0000201e                alarm_mode
                0x00002120                clk_count
                0x00002532                stop_alarm
                0x0000254e                snooze
                0x00002586                mode_switch
                0x0000285a                __vector_16
                0x000028c0                readLocalTemp
                0x00002916                readRemoteTemp
                0x00002942                __vector_18
                0x0000299e                radio_init
                0x000029c0                __vector_5
                0x000029e4                tuneRadio
 .text          0x00002a34      0x17a twi_master.o
                0x00002a34                __vector_33
                0x00002b50                twi_busy
                0x00002b58                twi_start_wr
                0x00002b7a                twi_start_rd
                0x00002b9c                init_twi
 .text          0x00002bae       0x80 usart.o
                0x00002bae                uart_putc
                0x00002bba                uart_puts
                0x00002bd6                uart_puts_p
                0x00002bfc                uart_init
                0x00002c16                uart_getc
 .text          0x00002c2e       0x2a lm73_functions_skel.o
                0x00002c2e                lm73_set_max_resolution
                0x00002c46                lm73_set_ptr_to_read
                0x00002c56                lm73_temp_convert
 .text          0x00002c58      0x77e LCDDriver.o
                0x00002c58                strobe_lcd
                0x00002c6a                LCD_Clr
                0x00002ca6                LCD_MovCursorLn1
                0x00002cd6                LCD_MovCursorLn2
                0x00002d06                LCD_CursorBlinkOn
                0x00002d36                LCD_CursorBlinkOff
                0x00002d66                LCD_MovCursor
                0x00002da8                LCD_FillSpaces
                0x00002de4                LCD_PutDec8
                0x00002eb2                LCD_PutDec16
                0x00003042                LCD_PutChar
                0x00003072                LCD_PutStr
                0x000030cc                LCD_SPIInit
                0x000030ea                LCD_Init
 .text          0x000033d6      0x430 si4734.o
                0x000033d6                get_int_status
                0x00003416                fm_tune_freq
                0x00003444                am_tune_freq
                0x00003480                sw_tune_freq
                0x000034c4                radio_pwr_dwn
                0x00003538                fm_rsq_status
                0x0000357a                fm_tune_status
                0x000035bc                am_tune_status
                0x000035f4                am_rsq_status
                0x0000362c                set_property
                0x00003660                fm_pwr_up
                0x0000369c                am_pwr_up
                0x000036f4                sw_pwr_up
                0x00003764                reset_radio
                0x00003782                radio_int_init
                0x00003790                radio_str
 .text          0x00003806        0x0 /usr/local/CrossPack-AVR-20131216/lib/gcc/avr/4.8.1/avr51/libgcc.a(_exit.o)
 .text          0x00003806        0x0 /usr/local/CrossPack-AVR-20131216/lib/gcc/avr/4.8.1/avr51/libgcc.a(_tablejump.o)
 .text          0x00003806        0x0 /usr/local/CrossPack-AVR-20131216/lib/gcc/avr/4.8.1/avr51/libgcc.a(_copy_data.o)
 .text          0x00003806        0x0 /usr/local/CrossPack-AVR-20131216/lib/gcc/avr/4.8.1/avr51/libgcc.a(_clear_bss.o)
 .text          0x00003806        0x0 /usr/local/CrossPack-AVR-20131216/lib/gcc/avr/4.8.1/../../../../avr/lib/avr51/libc.a(itoa.o)
 .text          0x00003806        0x0 /usr/local/CrossPack-AVR-20131216/lib/gcc/avr/4.8.1/../../../../avr/lib/avr51/libc.a(itoa_ncheck.o)
 .text          0x00003806        0x0 /usr/local/CrossPack-AVR-20131216/lib/gcc/avr/4.8.1/../../../../avr/lib/avr51/libc.a(utoa_ncheck.o)
 .text          0x00003806        0x0 /usr/local/CrossPack-AVR-20131216/lib/gcc/avr/4.8.1/../../../../avr/lib/avr51/libc.a(sprintf.o)
 .text          0x00003806        0x0 /usr/local/CrossPack-AVR-20131216/lib/gcc/avr/4.8.1/../../../../avr/lib/avr51/libc.a(vfprintf_std.o)
 .text          0x00003806        0x0 /usr/local/CrossPack-AVR-20131216/lib/gcc/avr/4.8.1/../../../../avr/lib/avr51/libc.a(eerd_byte_atmega128.o)
 .text          0x00003806        0x0 /usr/local/CrossPack-AVR-20131216/lib/gcc/avr/4.8.1/../../../../avr/lib/avr51/libc.a(eerd_word_atmega128.o)
 .text          0x00003806        0x0 /usr/local/CrossPack-AVR-20131216/lib/gcc/avr/4.8.1/../../../../avr/lib/avr51/libc.a(eewr_byte_atmega128.o)
 .text          0x00003806        0x0 /usr/local/CrossPack-AVR-20131216/lib/gcc/avr/4.8.1/../../../../avr/lib/avr51/libc.a(eewr_word_atmega128.o)
 .text          0x00003806        0x0 /usr/local/CrossPack-AVR-20131216/lib/gcc/avr/4.8.1/../../../../avr/lib/avr51/libc.a(strnlen_P.o)
 .text          0x00003806        0x0 /usr/local/CrossPack-AVR-20131216/lib/gcc/avr/4.8.1/../../../../avr/lib/avr51/libc.a(strnlen.o)
 .text          0x00003806        0x0 /usr/local/CrossPack-AVR-20131216/lib/gcc/avr/4.8.1/../../../../avr/lib/avr51/libc.a(strrev.o)
 .text          0x00003806        0x0 /usr/local/CrossPack-AVR-20131216/lib/gcc/avr/4.8.1/../../../../avr/lib/avr51/libc.a(fputc.o)
 .text          0x00003806        0x0 /usr/local/CrossPack-AVR-20131216/lib/gcc/avr/4.8.1/../../../../avr/lib/avr51/libc.a(ultoa_invert.o)
 .text          0x00003806        0x0 /usr/local/CrossPack-AVR-20131216/lib/gcc/avr/4.8.1/../../../../avr/lib/avr51/libc.a(eerd_block_atmega128.o)
                0x00003806                . = ALIGN (0x2)
 *(.text.*)
 .text.startup  0x00003806      0x316 lab5.o
                0x00003806                main
 .text.libgcc.mul
                0x00003b1c        0x0 /usr/local/CrossPack-AVR-20131216/lib/gcc/avr/4.8.1/avr51/libgcc.a(_exit.o)
 .text.libgcc.div
                0x00003b1c        0x0 /usr/local/CrossPack-AVR-20131216/lib/gcc/avr/4.8.1/avr51/libgcc.a(_exit.o)
 .text.libgcc   0x00003b1c        0x0 /usr/local/CrossPack-AVR-20131216/lib/gcc/avr/4.8.1/avr51/libgcc.a(_exit.o)
 .text.libgcc.prologue
                0x00003b1c        0x0 /usr/local/CrossPack-AVR-20131216/lib/gcc/avr/4.8.1/avr51/libgcc.a(_exit.o)
 .text.libgcc.builtins
                0x00003b1c        0x0 /usr/local/CrossPack-AVR-20131216/lib/gcc/avr/4.8.1/avr51/libgcc.a(_exit.o)
 .text.libgcc.fmul
                0x00003b1c        0x0 /usr/local/CrossPack-AVR-20131216/lib/gcc/avr/4.8.1/avr51/libgcc.a(_exit.o)
 .text.libgcc.fixed
                0x00003b1c        0x0 /usr/local/CrossPack-AVR-20131216/lib/gcc/avr/4.8.1/avr51/libgcc.a(_exit.o)
 .text.libgcc.mul
                0x00003b1c        0x0 /usr/local/CrossPack-AVR-20131216/lib/gcc/avr/4.8.1/avr51/libgcc.a(_tablejump.o)
 .text.libgcc.div
                0x00003b1c        0x0 /usr/local/CrossPack-AVR-20131216/lib/gcc/avr/4.8.1/avr51/libgcc.a(_tablejump.o)
 .text.libgcc   0x00003b1c        0xc /usr/local/CrossPack-AVR-20131216/lib/gcc/avr/4.8.1/avr51/libgcc.a(_tablejump.o)
                0x00003b1c                __tablejump2__
                0x00003b20                __tablejump__
 .text.libgcc.prologue
                0x00003b28        0x0 /usr/local/CrossPack-AVR-20131216/lib/gcc/avr/4.8.1/avr51/libgcc.a(_tablejump.o)
 .text.libgcc.builtins
                0x00003b28        0x0 /usr/local/CrossPack-AVR-20131216/lib/gcc/avr/4.8.1/avr51/libgcc.a(_tablejump.o)
 .text.libgcc.fmul
                0x00003b28        0x0 /usr/local/CrossPack-AVR-20131216/lib/gcc/avr/4.8.1/avr51/libgcc.a(_tablejump.o)
 .text.libgcc.fixed
                0x00003b28        0x0 /usr/local/CrossPack-AVR-20131216/lib/gcc/avr/4.8.1/avr51/libgcc.a(_tablejump.o)
 .text.libgcc.mul
                0x00003b28        0x0 /usr/local/CrossPack-AVR-20131216/lib/gcc/avr/4.8.1/avr51/libgcc.a(_copy_data.o)
 .text.libgcc.div
                0x00003b28        0x0 /usr/local/CrossPack-AVR-20131216/lib/gcc/avr/4.8.1/avr51/libgcc.a(_copy_data.o)
 .text.libgcc   0x00003b28        0x0 /usr/local/CrossPack-AVR-20131216/lib/gcc/avr/4.8.1/avr51/libgcc.a(_copy_data.o)
 .text.libgcc.prologue
                0x00003b28        0x0 /usr/local/CrossPack-AVR-20131216/lib/gcc/avr/4.8.1/avr51/libgcc.a(_copy_data.o)
 .text.libgcc.builtins
                0x00003b28        0x0 /usr/local/CrossPack-AVR-20131216/lib/gcc/avr/4.8.1/avr51/libgcc.a(_copy_data.o)
 .text.libgcc.fmul
                0x00003b28        0x0 /usr/local/CrossPack-AVR-20131216/lib/gcc/avr/4.8.1/avr51/libgcc.a(_copy_data.o)
 .text.libgcc.fixed
                0x00003b28        0x0 /usr/local/CrossPack-AVR-20131216/lib/gcc/avr/4.8.1/avr51/libgcc.a(_copy_data.o)
 .text.libgcc.mul
                0x00003b28        0x0 /usr/local/CrossPack-AVR-20131216/lib/gcc/avr/4.8.1/avr51/libgcc.a(_clear_bss.o)
 .text.libgcc.div
                0x00003b28        0x0 /usr/local/CrossPack-AVR-20131216/lib/gcc/avr/4.8.1/avr51/libgcc.a(_clear_bss.o)
 .text.libgcc   0x00003b28        0x0 /usr/local/CrossPack-AVR-20131216/lib/gcc/avr/4.8.1/avr51/libgcc.a(_clear_bss.o)
 .text.libgcc.prologue
                0x00003b28        0x0 /usr/local/CrossPack-AVR-20131216/lib/gcc/avr/4.8.1/avr51/libgcc.a(_clear_bss.o)
 .text.libgcc.builtins
                0x00003b28        0x0 /usr/local/CrossPack-AVR-20131216/lib/gcc/avr/4.8.1/avr51/libgcc.a(_clear_bss.o)
 .text.libgcc.fmul
                0x00003b28        0x0 /usr/local/CrossPack-AVR-20131216/lib/gcc/avr/4.8.1/avr51/libgcc.a(_clear_bss.o)
 .text.libgcc.fixed
                0x00003b28        0x0 /usr/local/CrossPack-AVR-20131216/lib/gcc/avr/4.8.1/avr51/libgcc.a(_clear_bss.o)
 .text.avr-libc
                0x00003b28       0x16 /usr/local/CrossPack-AVR-20131216/lib/gcc/avr/4.8.1/../../../../avr/lib/avr51/libc.a(itoa.o)
                0x00003b28                itoa
                0x00003b28                __itoa
 .text.avr-libc
                0x00003b3e       0x16 /usr/local/CrossPack-AVR-20131216/lib/gcc/avr/4.8.1/../../../../avr/lib/avr51/libc.a(itoa_ncheck.o)
                0x00003b3e                __itoa_ncheck
 .text.avr-libc
                0x00003b54       0x34 /usr/local/CrossPack-AVR-20131216/lib/gcc/avr/4.8.1/../../../../avr/lib/avr51/libc.a(utoa_ncheck.o)
                0x00003b54                __utoa_ncheck
                0x00003b56                __utoa_common
 .text.avr-libc
                0x00003b88       0x5e /usr/local/CrossPack-AVR-20131216/lib/gcc/avr/4.8.1/../../../../avr/lib/avr51/libc.a(sprintf.o)
                0x00003b88                sprintf
 .text.avr-libc
                0x00003be6      0x3f6 /usr/local/CrossPack-AVR-20131216/lib/gcc/avr/4.8.1/../../../../avr/lib/avr51/libc.a(vfprintf_std.o)
                0x00003be6                vfprintf
 .text.avr-libc
                0x00003fdc       0x10 /usr/local/CrossPack-AVR-20131216/lib/gcc/avr/4.8.1/../../../../avr/lib/avr51/libc.a(eerd_byte_atmega128.o)
                0x00003fdc                __eerd_byte_m128
 .text.avr-libc
                0x00003fec        0xc /usr/local/CrossPack-AVR-20131216/lib/gcc/avr/4.8.1/../../../../avr/lib/avr51/libc.a(eerd_word_atmega128.o)
                0x00003fec                __eerd_word_m128
 .text.avr-libc
                0x00003ff8       0x1a /usr/local/CrossPack-AVR-20131216/lib/gcc/avr/4.8.1/../../../../avr/lib/avr51/libc.a(eewr_byte_atmega128.o)
                0x00003ff8                __eewr_byte_m128
                0x00003ffa                __eewr_r18_m128
 .text.avr-libc
                0x00004012        0xa /usr/local/CrossPack-AVR-20131216/lib/gcc/avr/4.8.1/../../../../avr/lib/avr51/libc.a(eewr_word_atmega128.o)
                0x00004012                __eewr_word_m128
 .text.avr-libc
                0x0000401c       0x16 /usr/local/CrossPack-AVR-20131216/lib/gcc/avr/4.8.1/../../../../avr/lib/avr51/libc.a(strnlen_P.o)
                0x0000401c                strnlen_P
 .text.avr-libc
                0x00004032       0x16 /usr/local/CrossPack-AVR-20131216/lib/gcc/avr/4.8.1/../../../../avr/lib/avr51/libc.a(strnlen.o)
                0x00004032                strnlen
 .text.avr-libc
                0x00004048       0x20 /usr/local/CrossPack-AVR-20131216/lib/gcc/avr/4.8.1/../../../../avr/lib/avr51/libc.a(strrev.o)
                0x00004048                strrev
 .text.avr-libc
                0x00004068       0x64 /usr/local/CrossPack-AVR-20131216/lib/gcc/avr/4.8.1/../../../../avr/lib/avr51/libc.a(fputc.o)
                0x00004068                fputc
 .text.avr-libc
                0x000040cc       0xbc /usr/local/CrossPack-AVR-20131216/lib/gcc/avr/4.8.1/../../../../avr/lib/avr51/libc.a(ultoa_invert.o)
                0x000040cc                __ultoa_invert
 .text.avr-libc
                0x00004188       0x20 /usr/local/CrossPack-AVR-20131216/lib/gcc/avr/4.8.1/../../../../avr/lib/avr51/libc.a(eerd_block_atmega128.o)
                0x00004188                __eerd_block_m128
                0x0000418c                __eerd_blraw_m128
                0x000041a8                . = ALIGN (0x2)
 *(.fini9)
 .fini9         0x000041a8        0x0 /usr/local/CrossPack-AVR-20131216/lib/gcc/avr/4.8.1/avr51/libgcc.a(_exit.o)
                0x000041a8                exit
                0x000041a8                _exit
 *(.fini9)
 *(.fini8)
 *(.fini8)
 *(.fini7)
 *(.fini7)
 *(.fini6)
 *(.fini6)
 *(.fini5)
 *(.fini5)
 *(.fini4)
 *(.fini4)
 *(.fini3)
 *(.fini3)
 *(.fini2)
 *(.fini2)
 *(.fini1)
 *(.fini1)
 *(.fini0)
 .fini0         0x000041a8        0x4 /usr/local/CrossPack-AVR-20131216/lib/gcc/avr/4.8.1/avr51/libgcc.a(_exit.o)
 *(.fini0)
                0x000041ac                _etext = .

.data           0x00800100       0xa8 load address 0x000041ac
                0x00800100                PROVIDE (__data_start, .)
 *(.data)
 .data          0x00800100        0x0 /usr/local/CrossPack-AVR-20131216/lib/gcc/avr/4.8.1/../../../../avr/lib/avr51/crtm128.o
 .data          0x00800100       0x11 lab5.o
                0x00800100                displayTimeFlag
                0x00800101                alarm_state
                0x00800102                am_or_pm
                0x00800103                timer
                0x00800104                count
                0x00800105                st_presets
                0x0080010f                current_fm_freq
 .data          0x00800111        0x0 twi_master.o
 .data          0x00800111        0x0 usart.o
 .data          0x00800111        0x0 lm73_functions_skel.o
 .data          0x00800111        0x0 LCDDriver.o
 .data          0x00800111        0x0 si4734.o
 .data          0x00800111        0x0 /usr/local/CrossPack-AVR-20131216/lib/gcc/avr/4.8.1/avr51/libgcc.a(_exit.o)
 .data          0x00800111        0x0 /usr/local/CrossPack-AVR-20131216/lib/gcc/avr/4.8.1/avr51/libgcc.a(_tablejump.o)
 .data          0x00800111        0x0 /usr/local/CrossPack-AVR-20131216/lib/gcc/avr/4.8.1/avr51/libgcc.a(_copy_data.o)
 .data          0x00800111        0x0 /usr/local/CrossPack-AVR-20131216/lib/gcc/avr/4.8.1/avr51/libgcc.a(_clear_bss.o)
 .data          0x00800111        0x0 /usr/local/CrossPack-AVR-20131216/lib/gcc/avr/4.8.1/../../../../avr/lib/avr51/libc.a(itoa.o)
 .data          0x00800111        0x0 /usr/local/CrossPack-AVR-20131216/lib/gcc/avr/4.8.1/../../../../avr/lib/avr51/libc.a(itoa_ncheck.o)
 .data          0x00800111        0x0 /usr/local/CrossPack-AVR-20131216/lib/gcc/avr/4.8.1/../../../../avr/lib/avr51/libc.a(utoa_ncheck.o)
 .data          0x00800111        0x0 /usr/local/CrossPack-AVR-20131216/lib/gcc/avr/4.8.1/../../../../avr/lib/avr51/libc.a(sprintf.o)
 .data          0x00800111        0x0 /usr/local/CrossPack-AVR-20131216/lib/gcc/avr/4.8.1/../../../../avr/lib/avr51/libc.a(vfprintf_std.o)
 .data          0x00800111        0x0 /usr/local/CrossPack-AVR-20131216/lib/gcc/avr/4.8.1/../../../../avr/lib/avr51/libc.a(eerd_byte_atmega128.o)
 .data          0x00800111        0x0 /usr/local/CrossPack-AVR-20131216/lib/gcc/avr/4.8.1/../../../../avr/lib/avr51/libc.a(eerd_word_atmega128.o)
 .data          0x00800111        0x0 /usr/local/CrossPack-AVR-20131216/lib/gcc/avr/4.8.1/../../../../avr/lib/avr51/libc.a(eewr_byte_atmega128.o)
 .data          0x00800111        0x0 /usr/local/CrossPack-AVR-20131216/lib/gcc/avr/4.8.1/../../../../avr/lib/avr51/libc.a(eewr_word_atmega128.o)
 .data          0x00800111        0x0 /usr/local/CrossPack-AVR-20131216/lib/gcc/avr/4.8.1/../../../../avr/lib/avr51/libc.a(strnlen_P.o)
 .data          0x00800111        0x0 /usr/local/CrossPack-AVR-20131216/lib/gcc/avr/4.8.1/../../../../avr/lib/avr51/libc.a(strnlen.o)
 .data          0x00800111        0x0 /usr/local/CrossPack-AVR-20131216/lib/gcc/avr/4.8.1/../../../../avr/lib/avr51/libc.a(strrev.o)
 .data          0x00800111        0x0 /usr/local/CrossPack-AVR-20131216/lib/gcc/avr/4.8.1/../../../../avr/lib/avr51/libc.a(fputc.o)
 .data          0x00800111        0x0 /usr/local/CrossPack-AVR-20131216/lib/gcc/avr/4.8.1/../../../../avr/lib/avr51/libc.a(ultoa_invert.o)
 .data          0x00800111        0x0 /usr/local/CrossPack-AVR-20131216/lib/gcc/avr/4.8.1/../../../../avr/lib/avr51/libc.a(eerd_block_atmega128.o)
 *(.data*)
 *(.rodata)
 *(.rodata*)
 .rodata.str1.1
                0x00800111       0x96 lab5.o
 *(.gnu.linkonce.d*)
                0x008001a8                . = ALIGN (0x2)
 *fill*         0x008001a7        0x1 
                0x008001a8                _edata = .
                0x008001a8                PROVIDE (__data_end, .)

.bss            0x008001a8      0x12e
                0x008001a8                PROVIDE (__bss_start, .)
 *(.bss)
 .bss           0x008001a8        0x0 /usr/local/CrossPack-AVR-20131216/lib/gcc/avr/4.8.1/../../../../avr/lib/avr51/crtm128.o
 .bss           0x008001a8       0x33 lab5.o
                0x008001a8                displayTempFlag
                0x008001a9                snooze_flag
                0x008001aa                stop
                0x008001ab                alarm
                0x008001ac                am_pm_flag
                0x008001ad                time_notation_flag
                0x008001ae                alarm_h
                0x008001af                alarm_m
                0x008001b0                alarm_s
                0x008001b1                s4_switch
                0x008001b2                s2_switch
                0x008001b3                clock_mode
                0x008001b4                adc_count
                0x008001b5                seconds
                0x008001b6                minutes
                0x008001b7                hours
                0x008001b8                sum
                0x008001ba                displayBits
                0x008001bb                segment_data
                0x008001c6                current_radio_band
                0x008001c8                preset_idx
 .bss           0x008001db        0x1 twi_master.o
 .bss           0x008001dc        0x0 usart.o
 .bss           0x008001dc        0x0 lm73_functions_skel.o
 .bss           0x008001dc        0x0 LCDDriver.o
 .bss           0x008001dc        0x0 si4734.o
 .bss           0x008001dc        0x0 /usr/local/CrossPack-AVR-20131216/lib/gcc/avr/4.8.1/avr51/libgcc.a(_exit.o)
 .bss           0x008001dc        0x0 /usr/local/CrossPack-AVR-20131216/lib/gcc/avr/4.8.1/avr51/libgcc.a(_tablejump.o)
 .bss           0x008001dc        0x0 /usr/local/CrossPack-AVR-20131216/lib/gcc/avr/4.8.1/avr51/libgcc.a(_copy_data.o)
 .bss           0x008001dc        0x0 /usr/local/CrossPack-AVR-20131216/lib/gcc/avr/4.8.1/avr51/libgcc.a(_clear_bss.o)
 .bss           0x008001dc        0x0 /usr/local/CrossPack-AVR-20131216/lib/gcc/avr/4.8.1/../../../../avr/lib/avr51/libc.a(itoa.o)
 .bss           0x008001dc        0x0 /usr/local/CrossPack-AVR-20131216/lib/gcc/avr/4.8.1/../../../../avr/lib/avr51/libc.a(itoa_ncheck.o)
 .bss           0x008001dc        0x0 /usr/local/CrossPack-AVR-20131216/lib/gcc/avr/4.8.1/../../../../avr/lib/avr51/libc.a(utoa_ncheck.o)
 .bss           0x008001dc        0x0 /usr/local/CrossPack-AVR-20131216/lib/gcc/avr/4.8.1/../../../../avr/lib/avr51/libc.a(sprintf.o)
 .bss           0x008001dc        0x0 /usr/local/CrossPack-AVR-20131216/lib/gcc/avr/4.8.1/../../../../avr/lib/avr51/libc.a(vfprintf_std.o)
 .bss           0x008001dc        0x0 /usr/local/CrossPack-AVR-20131216/lib/gcc/avr/4.8.1/../../../../avr/lib/avr51/libc.a(eerd_byte_atmega128.o)
 .bss           0x008001dc        0x0 /usr/local/CrossPack-AVR-20131216/lib/gcc/avr/4.8.1/../../../../avr/lib/avr51/libc.a(eerd_word_atmega128.o)
 .bss           0x008001dc        0x0 /usr/local/CrossPack-AVR-20131216/lib/gcc/avr/4.8.1/../../../../avr/lib/avr51/libc.a(eewr_byte_atmega128.o)
 .bss           0x008001dc        0x0 /usr/local/CrossPack-AVR-20131216/lib/gcc/avr/4.8.1/../../../../avr/lib/avr51/libc.a(eewr_word_atmega128.o)
 .bss           0x008001dc        0x0 /usr/local/CrossPack-AVR-20131216/lib/gcc/avr/4.8.1/../../../../avr/lib/avr51/libc.a(strnlen_P.o)
 .bss           0x008001dc        0x0 /usr/local/CrossPack-AVR-20131216/lib/gcc/avr/4.8.1/../../../../avr/lib/avr51/libc.a(strnlen.o)
 .bss           0x008001dc        0x0 /usr/local/CrossPack-AVR-20131216/lib/gcc/avr/4.8.1/../../../../avr/lib/avr51/libc.a(strrev.o)
 .bss           0x008001dc        0x0 /usr/local/CrossPack-AVR-20131216/lib/gcc/avr/4.8.1/../../../../avr/lib/avr51/libc.a(fputc.o)
 .bss           0x008001dc        0x0 /usr/local/CrossPack-AVR-20131216/lib/gcc/avr/4.8.1/../../../../avr/lib/avr51/libc.a(ultoa_invert.o)
 .bss           0x008001dc        0x0 /usr/local/CrossPack-AVR-20131216/lib/gcc/avr/4.8.1/../../../../avr/lib/avr51/libc.a(eerd_block_atmega128.o)
 *(.bss*)
 *(COMMON)
 COMMON         0x008001dc       0x61 lab5.o
                0x008001dc                time_notation
                0x008001dd                s2_timer
                0x008001de                eeprom_volume
                0x008001df                music_off_flag
                0x008001e0                eeprom_fm_freq
                0x008001e2                rcv_rdy
                0x008001e3                count_sign
                0x008001e4                digit_data
                0x008001e9                notes
                0x008001ea                changeTimeDisplay
                0x008001eb                volume
                0x008001ed                song
                0x008001ee                ms
                0x008001ef                lm73_temp
                0x008001f1                eeprom_am_freq
                0x008001f3                max_beat
                0x008001f5                current_volume
                0x008001f6                colon_state
                0x008001f7                frequency_data
                0x008001fc                beat
                0x008001fe                frequency_buffer
                0x0080020e                inc_multiple
                0x0080020f                current_am_freq
                0x00800211                mega128_temp_str
                0x00800221                leftState
                0x00800222                changeAlarmDisplay
                0x00800223                STC_interrupt
                0x00800224                rightState
                0x00800225                current_sw_freq
                0x00800227                rssi
                0x00800228                prevRightState
                0x00800229                eeprom_sw_freq
                0x0080022b                mega48_temp_str
                0x0080023b                prevLeftState
                0x0080023c                rx_char
 COMMON         0x0080023d        0x5 twi_master.o
                0x0080023d                twi_state
                0x0080023e                twi_buf
                0x00800240                twi_bus_addr
                0x00800241                twi_msg_size
 COMMON         0x00800242       0x50 usart.o
                0x00800242                uart_tx_buf
                0x0080026a                uart_rx_buf
 COMMON         0x00800292        0x4 lm73_functions_skel.o
                0x00800292                lm73_wr_buf
                0x00800294                lm73_rd_buf
 COMMON         0x00800296       0x10 LCDDriver.o
                0x00800296                lcd_str
 COMMON         0x008002a6       0x30 si4734.o
                0x008002a6                si4734_wr_buf
                0x008002af                si4734_tune_status_buf
                0x008002b7                si4734_revision_buf
                0x008002c7                si4734_rd_buf
                0x008002d6                PROVIDE (__bss_end, .)
                0x000041ac                __data_load_start = LOADADDR (.data)
                0x00004254                __data_load_end = (__data_load_start + SIZEOF (.data))

.noinit         0x008002d6        0x0
                0x008002d6                PROVIDE (__noinit_start, .)
 *(.noinit*)
                0x008002d6                PROVIDE (__noinit_end, .)
                0x008002d6                _end = .
                0x008002d6                PROVIDE (__heap_start, .)

.eeprom         0x00810000        0x0
 *(.eeprom*)
                0x00810000                __eeprom_end = .

.fuse
 *(.fuse)
 *(.lfuse)
 *(.hfuse)
 *(.efuse)

.lock
 *(.lock*)

.signature
 *(.signature*)

.user_signatures
 *(.user_signatures*)

.stab
 *(.stab)

.stabstr
 *(.stabstr)

.stab.excl
 *(.stab.excl)

.stab.exclstr
 *(.stab.exclstr)

.stab.index
 *(.stab.index)

.stab.indexstr
 *(.stab.indexstr)

.comment        0x00000000       0x11
 *(.comment)
 .comment       0x00000000       0x11 lab5.o
                                 0x12 (size before relaxing)
 .comment       0x00000000       0x12 twi_master.o
 .comment       0x00000000       0x12 usart.o
 .comment       0x00000000       0x12 lm73_functions_skel.o
 .comment       0x00000000       0x12 LCDDriver.o
 .comment       0x00000000       0x12 si4734.o
 .comment       0x00000000       0x12 /usr/local/CrossPack-AVR-20131216/lib/gcc/avr/4.8.1/../../../../avr/lib/avr51/libc.a(sprintf.o)
 .comment       0x00000000       0x12 /usr/local/CrossPack-AVR-20131216/lib/gcc/avr/4.8.1/../../../../avr/lib/avr51/libc.a(vfprintf_std.o)
 .comment       0x00000000       0x12 /usr/local/CrossPack-AVR-20131216/lib/gcc/avr/4.8.1/../../../../avr/lib/avr51/libc.a(fputc.o)

.debug
 *(.debug)

.line
 *(.line)

.debug_srcinfo
 *(.debug_srcinfo)

.debug_sfnames
 *(.debug_sfnames)

.debug_aranges  0x00000000      0x148
 *(.debug_aranges)
 .debug_aranges
                0x00000000       0x28 lab5.o
 .debug_aranges
                0x00000028       0x20 twi_master.o
 .debug_aranges
                0x00000048       0x20 usart.o
 .debug_aranges
                0x00000068       0x20 lm73_functions_skel.o
 .debug_aranges
                0x00000088       0x20 LCDDriver.o
 .debug_aranges
                0x000000a8       0x20 si4734.o
 .debug_aranges
                0x000000c8       0x20 /usr/local/CrossPack-AVR-20131216/lib/gcc/avr/4.8.1/avr51/libgcc.a(_exit.o)
 .debug_aranges
                0x000000e8       0x20 /usr/local/CrossPack-AVR-20131216/lib/gcc/avr/4.8.1/avr51/libgcc.a(_tablejump.o)
 .debug_aranges
                0x00000108       0x20 /usr/local/CrossPack-AVR-20131216/lib/gcc/avr/4.8.1/avr51/libgcc.a(_copy_data.o)
 .debug_aranges
                0x00000128       0x20 /usr/local/CrossPack-AVR-20131216/lib/gcc/avr/4.8.1/avr51/libgcc.a(_clear_bss.o)

.debug_pubnames
 *(.debug_pubnames)

.debug_info     0x00000000     0x52ea
 *(.debug_info)
 .debug_info    0x00000000     0x3335 lab5.o
 .debug_info    0x00003335      0x1de twi_master.o
 .debug_info    0x00003513      0x226 usart.o
 .debug_info    0x00003739      0x1ab lm73_functions_skel.o
 .debug_info    0x000038e4      0xb54 LCDDriver.o
 .debug_info    0x00004438      0xbb6 si4734.o
 .debug_info    0x00004fee       0xbf /usr/local/CrossPack-AVR-20131216/lib/gcc/avr/4.8.1/avr51/libgcc.a(_exit.o)
 .debug_info    0x000050ad       0xbf /usr/local/CrossPack-AVR-20131216/lib/gcc/avr/4.8.1/avr51/libgcc.a(_tablejump.o)
 .debug_info    0x0000516c       0xbf /usr/local/CrossPack-AVR-20131216/lib/gcc/avr/4.8.1/avr51/libgcc.a(_copy_data.o)
 .debug_info    0x0000522b       0xbf /usr/local/CrossPack-AVR-20131216/lib/gcc/avr/4.8.1/avr51/libgcc.a(_clear_bss.o)
 *(.gnu.linkonce.wi.*)

.debug_abbrev   0x00000000      0xbf9
 *(.debug_abbrev)
 .debug_abbrev  0x00000000      0x451 lab5.o
 .debug_abbrev  0x00000451      0x101 twi_master.o
 .debug_abbrev  0x00000552      0x16f usart.o
 .debug_abbrev  0x000006c1       0xeb lm73_functions_skel.o
 .debug_abbrev  0x000007ac      0x19c LCDDriver.o
 .debug_abbrev  0x00000948      0x261 si4734.o
 .debug_abbrev  0x00000ba9       0x14 /usr/local/CrossPack-AVR-20131216/lib/gcc/avr/4.8.1/avr51/libgcc.a(_exit.o)
 .debug_abbrev  0x00000bbd       0x14 /usr/local/CrossPack-AVR-20131216/lib/gcc/avr/4.8.1/avr51/libgcc.a(_tablejump.o)
 .debug_abbrev  0x00000bd1       0x14 /usr/local/CrossPack-AVR-20131216/lib/gcc/avr/4.8.1/avr51/libgcc.a(_copy_data.o)
 .debug_abbrev  0x00000be5       0x14 /usr/local/CrossPack-AVR-20131216/lib/gcc/avr/4.8.1/avr51/libgcc.a(_clear_bss.o)

.debug_line     0x00000000     0x18ec
 *(.debug_line)
 .debug_line    0x00000000      0xd1c lab5.o
 .debug_line    0x00000d1c       0xcc twi_master.o
 .debug_line    0x00000de8       0xa8 usart.o
 .debug_line    0x00000e90       0x94 lm73_functions_skel.o
 .debug_line    0x00000f24      0x604 LCDDriver.o
 .debug_line    0x00001528      0x24f si4734.o
 .debug_line    0x00001777       0x58 /usr/local/CrossPack-AVR-20131216/lib/gcc/avr/4.8.1/avr51/libgcc.a(_exit.o)
 .debug_line    0x000017cf       0x5c /usr/local/CrossPack-AVR-20131216/lib/gcc/avr/4.8.1/avr51/libgcc.a(_tablejump.o)
 .debug_line    0x0000182b       0x63 /usr/local/CrossPack-AVR-20131216/lib/gcc/avr/4.8.1/avr51/libgcc.a(_copy_data.o)
 .debug_line    0x0000188e       0x5e /usr/local/CrossPack-AVR-20131216/lib/gcc/avr/4.8.1/avr51/libgcc.a(_clear_bss.o)

.debug_frame    0x00000000      0x6e8
 *(.debug_frame)
 .debug_frame   0x00000000      0x3a0 lab5.o
 .debug_frame   0x000003a0       0x98 twi_master.o
 .debug_frame   0x00000438       0x64 usart.o
 .debug_frame   0x0000049c       0x44 lm73_functions_skel.o
 .debug_frame   0x000004e0       0xf4 LCDDriver.o
 .debug_frame   0x000005d4      0x114 si4734.o

.debug_str      0x00000000      0x9b9
 *(.debug_str)
 .debug_str     0x00000000      0x663 lab5.o
                                0x6eb (size before relaxing)
 .debug_str     0x00000663       0x82 twi_master.o
                                0x16d (size before relaxing)
 .debug_str     0x000006e5       0x5c usart.o
                                0x154 (size before relaxing)
 .debug_str     0x00000741       0x60 lm73_functions_skel.o
                                0x17b (size before relaxing)
 .debug_str     0x000007a1       0xbe LCDDriver.o
                                0x238 (size before relaxing)
 .debug_str     0x0000085f      0x15a si4734.o
                                0x380 (size before relaxing)

.debug_loc      0x00000000     0x32a4
 *(.debug_loc)
 .debug_loc     0x00000000     0x2947 lab5.o
 .debug_loc     0x00002947       0xd9 twi_master.o
 .debug_loc     0x00002a20      0x170 usart.o
 .debug_loc     0x00002b90       0x26 lm73_functions_skel.o
 .debug_loc     0x00002bb6      0x65c LCDDriver.o
 .debug_loc     0x00003212       0x92 si4734.o

.debug_macinfo
 *(.debug_macinfo)

.debug_pubtypes
 *(.debug_pubtypes)

.debug_ranges   0x00000000       0x48
 *(.debug_ranges)
 .debug_ranges  0x00000000       0x30 lab5.o
 .debug_ranges  0x00000030       0x18 usart.o

.debug_macro
 *(.debug_macro)
OUTPUT(lab5.elf elf32-avr)
LOAD linker stubs
