Archive member included because of file (symbol)

/usr/local/CrossPack-AVR-20131216/lib/gcc/avr/4.8.1/avr51/libgcc.a(_divmodhi4.o)
                              adc_skel.o (__divmodhi4)
/usr/local/CrossPack-AVR-20131216/lib/gcc/avr/4.8.1/avr51/libgcc.a(_divmodsi4.o)
                              hd44780.o (__divmodsi4)
/usr/local/CrossPack-AVR-20131216/lib/gcc/avr/4.8.1/avr51/libgcc.a(_negsi2.o)
                              /usr/local/CrossPack-AVR-20131216/lib/gcc/avr/4.8.1/avr51/libgcc.a(_divmodsi4.o) (__negsi2)
/usr/local/CrossPack-AVR-20131216/lib/gcc/avr/4.8.1/avr51/libgcc.a(_exit.o)
                              /usr/local/CrossPack-AVR-20131216/lib/gcc/avr/4.8.1/../../../../avr/lib/avr51/crtm128.o (exit)
/usr/local/CrossPack-AVR-20131216/lib/gcc/avr/4.8.1/avr51/libgcc.a(_clear_bss.o)
                              adc_skel.o (__do_clear_bss)
/usr/local/CrossPack-AVR-20131216/lib/gcc/avr/4.8.1/avr51/libgcc.a(_udivmodhi4.o)
                              /usr/local/CrossPack-AVR-20131216/lib/gcc/avr/4.8.1/avr51/libgcc.a(_divmodhi4.o) (__udivmodhi4)
/usr/local/CrossPack-AVR-20131216/lib/gcc/avr/4.8.1/avr51/libgcc.a(_udivmodsi4.o)
                              /usr/local/CrossPack-AVR-20131216/lib/gcc/avr/4.8.1/avr51/libgcc.a(_divmodsi4.o) (__udivmodsi4)
/usr/local/CrossPack-AVR-20131216/lib/gcc/avr/4.8.1/../../../../avr/lib/avr51/libc.a(itoa_ncheck.o)
                              adc_skel.o (__itoa_ncheck)
/usr/local/CrossPack-AVR-20131216/lib/gcc/avr/4.8.1/../../../../avr/lib/avr51/libc.a(utoa_ncheck.o)
                              /usr/local/CrossPack-AVR-20131216/lib/gcc/avr/4.8.1/../../../../avr/lib/avr51/libc.a(itoa_ncheck.o) (__utoa_common)
/usr/local/CrossPack-AVR-20131216/lib/gcc/avr/4.8.1/../../../../avr/lib/avr51/libc.a(strrev.o)
                              /usr/local/CrossPack-AVR-20131216/lib/gcc/avr/4.8.1/../../../../avr/lib/avr51/libc.a(utoa_ncheck.o) (strrev)

Allocating common symbols
Common symbol       size              file

lcd_string_array    0x20              hd44780.o
adc_result          0x2               adc_skel.o
lcd_str_l           0x10              adc_skel.o
i                   0x1               adc_skel.o
lcd_str             0x10              hd44780.o
fp_low_result       0x4               adc_skel.o
lcd_str_h           0x10              adc_skel.o
fp_adc_result       0x4               adc_skel.o

Memory Configuration

Name             Origin             Length             Attributes
text             0x00000000         0x00020000         xr
data             0x00800100         0x0000ff00         rw !x
eeprom           0x00810000         0x00010000         rw !x
fuse             0x00820000         0x00000400         rw !x
lock             0x00830000         0x00000400         rw !x
signature        0x00840000         0x00000400         rw !x
user_signatures  0x00850000         0x00000400         rw !x
*default*        0x00000000         0xffffffff

Linker script and memory map

Address of section .data set to 0x800100
LOAD /usr/local/CrossPack-AVR-20131216/lib/gcc/avr/4.8.1/../../../../avr/lib/avr51/crtm128.o
LOAD adc_skel.o
LOAD hd44780.o
START GROUP
LOAD /usr/local/CrossPack-AVR-20131216/lib/gcc/avr/4.8.1/avr51/libgcc.a
LOAD /usr/local/CrossPack-AVR-20131216/lib/gcc/avr/4.8.1/../../../../avr/lib/avr51/libm.a
LOAD /usr/local/CrossPack-AVR-20131216/lib/gcc/avr/4.8.1/../../../../avr/lib/avr51/libc.a
END GROUP

.hash
 *(.hash)

.dynsym
 *(.dynsym)

.dynstr
 *(.dynstr)

.gnu.version
 *(.gnu.version)

.gnu.version_d
 *(.gnu.version_d)

.gnu.version_r
 *(.gnu.version_r)

.rel.init
 *(.rel.init)

.rela.init
 *(.rela.init)

.rel.text
 *(.rel.text)
 *(.rel.text.*)
 *(.rel.gnu.linkonce.t*)

.rela.text
 *(.rela.text)
 *(.rela.text.*)
 *(.rela.gnu.linkonce.t*)

.rel.fini
 *(.rel.fini)

.rela.fini
 *(.rela.fini)

.rel.rodata
 *(.rel.rodata)
 *(.rel.rodata.*)
 *(.rel.gnu.linkonce.r*)

.rela.rodata
 *(.rela.rodata)
 *(.rela.rodata.*)
 *(.rela.gnu.linkonce.r*)

.rel.data
 *(.rel.data)
 *(.rel.data.*)
 *(.rel.gnu.linkonce.d*)

.rela.data
 *(.rela.data)
 *(.rela.data.*)
 *(.rela.gnu.linkonce.d*)

.rel.ctors
 *(.rel.ctors)

.rela.ctors
 *(.rela.ctors)

.rel.dtors
 *(.rel.dtors)

.rela.dtors
 *(.rela.dtors)

.rel.got
 *(.rel.got)

.rela.got
 *(.rela.got)

.rel.bss
 *(.rel.bss)

.rela.bss
 *(.rela.bss)

.rel.plt
 *(.rel.plt)

.rela.plt
 *(.rela.plt)

.text           0x00000000      0x8e4
 *(.vectors)
 .vectors       0x00000000       0x8c /usr/local/CrossPack-AVR-20131216/lib/gcc/avr/4.8.1/../../../../avr/lib/avr51/crtm128.o
                0x00000000                __vectors
                0x00000000                __vector_default
 *(.vectors)
 *(.progmem.gcc*)
                0x0000008c                . = ALIGN (0x2)
                0x0000008c                __trampolines_start = .
 *(.trampolines)
 .trampolines   0x0000008c        0x0 linker stubs
 *(.trampolines*)
                0x0000008c                __trampolines_end = .
 *(.progmem*)
                0x0000008c                . = ALIGN (0x2)
 *(.jumptables)
 *(.jumptables*)
 *(.lowtext)
 *(.lowtext*)
                0x0000008c                __ctors_start = .
 *(.ctors)
                0x0000008c                __ctors_end = .
                0x0000008c                __dtors_start = .
 *(.dtors)
                0x0000008c                __dtors_end = .
 SORT(*)(.ctors)
 SORT(*)(.dtors)
 *(.init0)
 .init0         0x0000008c        0x0 /usr/local/CrossPack-AVR-20131216/lib/gcc/avr/4.8.1/../../../../avr/lib/avr51/crtm128.o
                0x0000008c                __init
 *(.init0)
 *(.init1)
 *(.init1)
 *(.init2)
 .init2         0x0000008c        0xc /usr/local/CrossPack-AVR-20131216/lib/gcc/avr/4.8.1/../../../../avr/lib/avr51/crtm128.o
 *(.init2)
 *(.init3)
 *(.init3)
 *(.init4)
 .init4         0x00000098       0x10 /usr/local/CrossPack-AVR-20131216/lib/gcc/avr/4.8.1/avr51/libgcc.a(_clear_bss.o)
                0x00000098                __do_clear_bss
 *(.init4)
 *(.init5)
 *(.init5)
 *(.init6)
 *(.init6)
 *(.init7)
 *(.init7)
 *(.init8)
 *(.init8)
 *(.init9)
 .init9         0x000000a8        0x8 /usr/local/CrossPack-AVR-20131216/lib/gcc/avr/4.8.1/../../../../avr/lib/avr51/crtm128.o
 *(.init9)
 *(.text)
 .text          0x000000b0        0x4 /usr/local/CrossPack-AVR-20131216/lib/gcc/avr/4.8.1/../../../../avr/lib/avr51/crtm128.o
                0x000000b0                __vector_20
                0x000000b0                __vector_28
                0x000000b0                __vector_1
                0x000000b0                __vector_32
                0x000000b0                __vector_34
                0x000000b0                __vector_24
                0x000000b0                __vector_12
                0x000000b0                __bad_interrupt
                0x000000b0                __vector_6
                0x000000b0                __vector_31
                0x000000b0                __vector_3
                0x000000b0                __vector_23
                0x000000b0                __vector_30
                0x000000b0                __vector_25
                0x000000b0                __vector_11
                0x000000b0                __vector_13
                0x000000b0                __vector_17
                0x000000b0                __vector_19
                0x000000b0                __vector_7
                0x000000b0                __vector_27
                0x000000b0                __vector_5
                0x000000b0                __vector_33
                0x000000b0                __vector_4
                0x000000b0                __vector_9
                0x000000b0                __vector_2
                0x000000b0                __vector_21
                0x000000b0                __vector_15
                0x000000b0                __vector_29
                0x000000b0                __vector_8
                0x000000b0                __vector_26
                0x000000b0                __vector_14
                0x000000b0                __vector_10
                0x000000b0                __vector_16
                0x000000b0                __vector_18
                0x000000b0                __vector_22
 .text          0x000000b4       0x26 adc_skel.o
                0x000000b4                spi_init
 .text          0x000000da      0x5e4 hd44780.o
                0x000000da                send_lcd
                0x00000104                refresh_lcd
                0x0000015a                set_custom_character
                0x000001b2                set_cursor
                0x000001c2                uint2lcd
                0x00000240                int2lcd
                0x00000268                cursor_on
                0x00000270                cursor_off
                0x00000278                shift_right
                0x00000280                shift_left
                0x00000288                strobe_lcd
                0x0000029a                clear_display
                0x000002b0                cursor_home
                0x000002c6                line2_col1
                0x000002ce                line1_col1
                0x000002d6                fill_spaces
                0x000002f2                char2lcd
                0x000002fa                string2lcd
                0x00000340                lcd_init
                0x000003f4                lcd_int32
                0x0000055c                lcd_int16
 .text          0x000006be        0x0 /usr/local/CrossPack-AVR-20131216/lib/gcc/avr/4.8.1/avr51/libgcc.a(_divmodhi4.o)
 .text          0x000006be        0x0 /usr/local/CrossPack-AVR-20131216/lib/gcc/avr/4.8.1/avr51/libgcc.a(_divmodsi4.o)
 .text          0x000006be        0x0 /usr/local/CrossPack-AVR-20131216/lib/gcc/avr/4.8.1/avr51/libgcc.a(_negsi2.o)
 .text          0x000006be        0x0 /usr/local/CrossPack-AVR-20131216/lib/gcc/avr/4.8.1/avr51/libgcc.a(_exit.o)
 .text          0x000006be        0x0 /usr/local/CrossPack-AVR-20131216/lib/gcc/avr/4.8.1/avr51/libgcc.a(_clear_bss.o)
 .text          0x000006be        0x0 /usr/local/CrossPack-AVR-20131216/lib/gcc/avr/4.8.1/avr51/libgcc.a(_udivmodhi4.o)
 .text          0x000006be        0x0 /usr/local/CrossPack-AVR-20131216/lib/gcc/avr/4.8.1/avr51/libgcc.a(_udivmodsi4.o)
 .text          0x000006be        0x0 /usr/local/CrossPack-AVR-20131216/lib/gcc/avr/4.8.1/../../../../avr/lib/avr51/libc.a(itoa_ncheck.o)
 .text          0x000006be        0x0 /usr/local/CrossPack-AVR-20131216/lib/gcc/avr/4.8.1/../../../../avr/lib/avr51/libc.a(utoa_ncheck.o)
 .text          0x000006be        0x0 /usr/local/CrossPack-AVR-20131216/lib/gcc/avr/4.8.1/../../../../avr/lib/avr51/libc.a(strrev.o)
                0x000006be                . = ALIGN (0x2)
 *(.text.*)
 .text.startup  0x000006be       0xe6 adc_skel.o
                0x000006be                main
 .text.libgcc.mul
                0x000007a4        0x0 /usr/local/CrossPack-AVR-20131216/lib/gcc/avr/4.8.1/avr51/libgcc.a(_divmodhi4.o)
 .text.libgcc.div
                0x000007a4       0x28 /usr/local/CrossPack-AVR-20131216/lib/gcc/avr/4.8.1/avr51/libgcc.a(_divmodhi4.o)
                0x000007a4                __divmodhi4
                0x000007a4                _div
 .text.libgcc   0x000007cc        0x0 /usr/local/CrossPack-AVR-20131216/lib/gcc/avr/4.8.1/avr51/libgcc.a(_divmodhi4.o)
 .text.libgcc.prologue
                0x000007cc        0x0 /usr/local/CrossPack-AVR-20131216/lib/gcc/avr/4.8.1/avr51/libgcc.a(_divmodhi4.o)
 .text.libgcc.builtins
                0x000007cc        0x0 /usr/local/CrossPack-AVR-20131216/lib/gcc/avr/4.8.1/avr51/libgcc.a(_divmodhi4.o)
 .text.libgcc.fmul
                0x000007cc        0x0 /usr/local/CrossPack-AVR-20131216/lib/gcc/avr/4.8.1/avr51/libgcc.a(_divmodhi4.o)
 .text.libgcc.fixed
                0x000007cc        0x0 /usr/local/CrossPack-AVR-20131216/lib/gcc/avr/4.8.1/avr51/libgcc.a(_divmodhi4.o)
 .text.libgcc.mul
                0x000007cc        0x0 /usr/local/CrossPack-AVR-20131216/lib/gcc/avr/4.8.1/avr51/libgcc.a(_divmodsi4.o)
 .text.libgcc.div
                0x000007cc       0x2e /usr/local/CrossPack-AVR-20131216/lib/gcc/avr/4.8.1/avr51/libgcc.a(_divmodsi4.o)
                0x000007cc                __divmodsi4
 .text.libgcc   0x000007fa        0x0 /usr/local/CrossPack-AVR-20131216/lib/gcc/avr/4.8.1/avr51/libgcc.a(_divmodsi4.o)
 .text.libgcc.prologue
                0x000007fa        0x0 /usr/local/CrossPack-AVR-20131216/lib/gcc/avr/4.8.1/avr51/libgcc.a(_divmodsi4.o)
 .text.libgcc.builtins
                0x000007fa        0x0 /usr/local/CrossPack-AVR-20131216/lib/gcc/avr/4.8.1/avr51/libgcc.a(_divmodsi4.o)
 .text.libgcc.fmul
                0x000007fa        0x0 /usr/local/CrossPack-AVR-20131216/lib/gcc/avr/4.8.1/avr51/libgcc.a(_divmodsi4.o)
 .text.libgcc.fixed
                0x000007fa        0x0 /usr/local/CrossPack-AVR-20131216/lib/gcc/avr/4.8.1/avr51/libgcc.a(_divmodsi4.o)
 .text.libgcc.mul
                0x000007fa        0x0 /usr/local/CrossPack-AVR-20131216/lib/gcc/avr/4.8.1/avr51/libgcc.a(_negsi2.o)
 .text.libgcc.div
                0x000007fa       0x10 /usr/local/CrossPack-AVR-20131216/lib/gcc/avr/4.8.1/avr51/libgcc.a(_negsi2.o)
                0x000007fa                __negsi2
 .text.libgcc   0x0000080a        0x0 /usr/local/CrossPack-AVR-20131216/lib/gcc/avr/4.8.1/avr51/libgcc.a(_negsi2.o)
 .text.libgcc.prologue
                0x0000080a        0x0 /usr/local/CrossPack-AVR-20131216/lib/gcc/avr/4.8.1/avr51/libgcc.a(_negsi2.o)
 .text.libgcc.builtins
                0x0000080a        0x0 /usr/local/CrossPack-AVR-20131216/lib/gcc/avr/4.8.1/avr51/libgcc.a(_negsi2.o)
 .text.libgcc.fmul
                0x0000080a        0x0 /usr/local/CrossPack-AVR-20131216/lib/gcc/avr/4.8.1/avr51/libgcc.a(_negsi2.o)
 .text.libgcc.fixed
                0x0000080a        0x0 /usr/local/CrossPack-AVR-20131216/lib/gcc/avr/4.8.1/avr51/libgcc.a(_negsi2.o)
 .text.libgcc.mul
                0x0000080a        0x0 /usr/local/CrossPack-AVR-20131216/lib/gcc/avr/4.8.1/avr51/libgcc.a(_exit.o)
 .text.libgcc.div
                0x0000080a        0x0 /usr/local/CrossPack-AVR-20131216/lib/gcc/avr/4.8.1/avr51/libgcc.a(_exit.o)
 .text.libgcc   0x0000080a        0x0 /usr/local/CrossPack-AVR-20131216/lib/gcc/avr/4.8.1/avr51/libgcc.a(_exit.o)
 .text.libgcc.prologue
                0x0000080a        0x0 /usr/local/CrossPack-AVR-20131216/lib/gcc/avr/4.8.1/avr51/libgcc.a(_exit.o)
 .text.libgcc.builtins
                0x0000080a        0x0 /usr/local/CrossPack-AVR-20131216/lib/gcc/avr/4.8.1/avr51/libgcc.a(_exit.o)
 .text.libgcc.fmul
                0x0000080a        0x0 /usr/local/CrossPack-AVR-20131216/lib/gcc/avr/4.8.1/avr51/libgcc.a(_exit.o)
 .text.libgcc.fixed
                0x0000080a        0x0 /usr/local/CrossPack-AVR-20131216/lib/gcc/avr/4.8.1/avr51/libgcc.a(_exit.o)
 .text.libgcc.mul
                0x0000080a        0x0 /usr/local/CrossPack-AVR-20131216/lib/gcc/avr/4.8.1/avr51/libgcc.a(_clear_bss.o)
 .text.libgcc.div
                0x0000080a        0x0 /usr/local/CrossPack-AVR-20131216/lib/gcc/avr/4.8.1/avr51/libgcc.a(_clear_bss.o)
 .text.libgcc   0x0000080a        0x0 /usr/local/CrossPack-AVR-20131216/lib/gcc/avr/4.8.1/avr51/libgcc.a(_clear_bss.o)
 .text.libgcc.prologue
                0x0000080a        0x0 /usr/local/CrossPack-AVR-20131216/lib/gcc/avr/4.8.1/avr51/libgcc.a(_clear_bss.o)
 .text.libgcc.builtins
                0x0000080a        0x0 /usr/local/CrossPack-AVR-20131216/lib/gcc/avr/4.8.1/avr51/libgcc.a(_clear_bss.o)
 .text.libgcc.fmul
                0x0000080a        0x0 /usr/local/CrossPack-AVR-20131216/lib/gcc/avr/4.8.1/avr51/libgcc.a(_clear_bss.o)
 .text.libgcc.fixed
                0x0000080a        0x0 /usr/local/CrossPack-AVR-20131216/lib/gcc/avr/4.8.1/avr51/libgcc.a(_clear_bss.o)
 .text.libgcc.mul
                0x0000080a        0x0 /usr/local/CrossPack-AVR-20131216/lib/gcc/avr/4.8.1/avr51/libgcc.a(_udivmodhi4.o)
 .text.libgcc.div
                0x0000080a       0x28 /usr/local/CrossPack-AVR-20131216/lib/gcc/avr/4.8.1/avr51/libgcc.a(_udivmodhi4.o)
                0x0000080a                __udivmodhi4
 .text.libgcc   0x00000832        0x0 /usr/local/CrossPack-AVR-20131216/lib/gcc/avr/4.8.1/avr51/libgcc.a(_udivmodhi4.o)
 .text.libgcc.prologue
                0x00000832        0x0 /usr/local/CrossPack-AVR-20131216/lib/gcc/avr/4.8.1/avr51/libgcc.a(_udivmodhi4.o)
 .text.libgcc.builtins
                0x00000832        0x0 /usr/local/CrossPack-AVR-20131216/lib/gcc/avr/4.8.1/avr51/libgcc.a(_udivmodhi4.o)
 .text.libgcc.fmul
                0x00000832        0x0 /usr/local/CrossPack-AVR-20131216/lib/gcc/avr/4.8.1/avr51/libgcc.a(_udivmodhi4.o)
 .text.libgcc.fixed
                0x00000832        0x0 /usr/local/CrossPack-AVR-20131216/lib/gcc/avr/4.8.1/avr51/libgcc.a(_udivmodhi4.o)
 .text.libgcc.mul
                0x00000832        0x0 /usr/local/CrossPack-AVR-20131216/lib/gcc/avr/4.8.1/avr51/libgcc.a(_udivmodsi4.o)
 .text.libgcc.div
                0x00000832       0x44 /usr/local/CrossPack-AVR-20131216/lib/gcc/avr/4.8.1/avr51/libgcc.a(_udivmodsi4.o)
                0x00000832                __udivmodsi4
 .text.libgcc   0x00000876        0x0 /usr/local/CrossPack-AVR-20131216/lib/gcc/avr/4.8.1/avr51/libgcc.a(_udivmodsi4.o)
 .text.libgcc.prologue
                0x00000876        0x0 /usr/local/CrossPack-AVR-20131216/lib/gcc/avr/4.8.1/avr51/libgcc.a(_udivmodsi4.o)
 .text.libgcc.builtins
                0x00000876        0x0 /usr/local/CrossPack-AVR-20131216/lib/gcc/avr/4.8.1/avr51/libgcc.a(_udivmodsi4.o)
 .text.libgcc.fmul
                0x00000876        0x0 /usr/local/CrossPack-AVR-20131216/lib/gcc/avr/4.8.1/avr51/libgcc.a(_udivmodsi4.o)
 .text.libgcc.fixed
                0x00000876        0x0 /usr/local/CrossPack-AVR-20131216/lib/gcc/avr/4.8.1/avr51/libgcc.a(_udivmodsi4.o)
 .text.avr-libc
                0x00000876       0x16 /usr/local/CrossPack-AVR-20131216/lib/gcc/avr/4.8.1/../../../../avr/lib/avr51/libc.a(itoa_ncheck.o)
                0x00000876                __itoa_ncheck
 .text.avr-libc
                0x0000088c       0x34 /usr/local/CrossPack-AVR-20131216/lib/gcc/avr/4.8.1/../../../../avr/lib/avr51/libc.a(utoa_ncheck.o)
                0x0000088c                __utoa_ncheck
                0x0000088e                __utoa_common
 .text.avr-libc
                0x000008c0       0x20 /usr/local/CrossPack-AVR-20131216/lib/gcc/avr/4.8.1/../../../../avr/lib/avr51/libc.a(strrev.o)
                0x000008c0                strrev
                0x000008e0                . = ALIGN (0x2)
 *(.fini9)
 .fini9         0x000008e0        0x0 /usr/local/CrossPack-AVR-20131216/lib/gcc/avr/4.8.1/avr51/libgcc.a(_exit.o)
                0x000008e0                exit
                0x000008e0                _exit
 *(.fini9)
 *(.fini8)
 *(.fini8)
 *(.fini7)
 *(.fini7)
 *(.fini6)
 *(.fini6)
 *(.fini5)
 *(.fini5)
 *(.fini4)
 *(.fini4)
 *(.fini3)
 *(.fini3)
 *(.fini2)
 *(.fini2)
 *(.fini1)
 *(.fini1)
 *(.fini0)
 .fini0         0x000008e0        0x4 /usr/local/CrossPack-AVR-20131216/lib/gcc/avr/4.8.1/avr51/libgcc.a(_exit.o)
 *(.fini0)
                0x000008e4                _etext = .

.data           0x00800100        0x0 load address 0x000008e4
                0x00800100                PROVIDE (__data_start, .)
 *(.data)
 .data          0x00800100        0x0 /usr/local/CrossPack-AVR-20131216/lib/gcc/avr/4.8.1/../../../../avr/lib/avr51/crtm128.o
 .data          0x00800100        0x0 adc_skel.o
 .data          0x00800100        0x0 hd44780.o
 .data          0x00800100        0x0 /usr/local/CrossPack-AVR-20131216/lib/gcc/avr/4.8.1/avr51/libgcc.a(_divmodhi4.o)
 .data          0x00800100        0x0 /usr/local/CrossPack-AVR-20131216/lib/gcc/avr/4.8.1/avr51/libgcc.a(_divmodsi4.o)
 .data          0x00800100        0x0 /usr/local/CrossPack-AVR-20131216/lib/gcc/avr/4.8.1/avr51/libgcc.a(_negsi2.o)
 .data          0x00800100        0x0 /usr/local/CrossPack-AVR-20131216/lib/gcc/avr/4.8.1/avr51/libgcc.a(_exit.o)
 .data          0x00800100        0x0 /usr/local/CrossPack-AVR-20131216/lib/gcc/avr/4.8.1/avr51/libgcc.a(_clear_bss.o)
 .data          0x00800100        0x0 /usr/local/CrossPack-AVR-20131216/lib/gcc/avr/4.8.1/avr51/libgcc.a(_udivmodhi4.o)
 .data          0x00800100        0x0 /usr/local/CrossPack-AVR-20131216/lib/gcc/avr/4.8.1/avr51/libgcc.a(_udivmodsi4.o)
 .data          0x00800100        0x0 /usr/local/CrossPack-AVR-20131216/lib/gcc/avr/4.8.1/../../../../avr/lib/avr51/libc.a(itoa_ncheck.o)
 .data          0x00800100        0x0 /usr/local/CrossPack-AVR-20131216/lib/gcc/avr/4.8.1/../../../../avr/lib/avr51/libc.a(utoa_ncheck.o)
 .data          0x00800100        0x0 /usr/local/CrossPack-AVR-20131216/lib/gcc/avr/4.8.1/../../../../avr/lib/avr51/libc.a(strrev.o)
 *(.data*)
 *(.rodata)
 *(.rodata*)
 *(.gnu.linkonce.d*)
                0x00800100                . = ALIGN (0x2)
                0x00800100                _edata = .
                0x00800100                PROVIDE (__data_end, .)

.bss            0x00800100       0x5c
                0x00800100                PROVIDE (__bss_start, .)
 *(.bss)
 .bss           0x00800100        0x0 /usr/local/CrossPack-AVR-20131216/lib/gcc/avr/4.8.1/../../../../avr/lib/avr51/crtm128.o
 .bss           0x00800100        0x0 adc_skel.o
 .bss           0x00800100        0x1 hd44780.o
 .bss           0x00800101        0x0 /usr/local/CrossPack-AVR-20131216/lib/gcc/avr/4.8.1/avr51/libgcc.a(_divmodhi4.o)
 .bss           0x00800101        0x0 /usr/local/CrossPack-AVR-20131216/lib/gcc/avr/4.8.1/avr51/libgcc.a(_divmodsi4.o)
 .bss           0x00800101        0x0 /usr/local/CrossPack-AVR-20131216/lib/gcc/avr/4.8.1/avr51/libgcc.a(_negsi2.o)
 .bss           0x00800101        0x0 /usr/local/CrossPack-AVR-20131216/lib/gcc/avr/4.8.1/avr51/libgcc.a(_exit.o)
 .bss           0x00800101        0x0 /usr/local/CrossPack-AVR-20131216/lib/gcc/avr/4.8.1/avr51/libgcc.a(_clear_bss.o)
 .bss           0x00800101        0x0 /usr/local/CrossPack-AVR-20131216/lib/gcc/avr/4.8.1/avr51/libgcc.a(_udivmodhi4.o)
 .bss           0x00800101        0x0 /usr/local/CrossPack-AVR-20131216/lib/gcc/avr/4.8.1/avr51/libgcc.a(_udivmodsi4.o)
 .bss           0x00800101        0x0 /usr/local/CrossPack-AVR-20131216/lib/gcc/avr/4.8.1/../../../../avr/lib/avr51/libc.a(itoa_ncheck.o)
 .bss           0x00800101        0x0 /usr/local/CrossPack-AVR-20131216/lib/gcc/avr/4.8.1/../../../../avr/lib/avr51/libc.a(utoa_ncheck.o)
 .bss           0x00800101        0x0 /usr/local/CrossPack-AVR-20131216/lib/gcc/avr/4.8.1/../../../../avr/lib/avr51/libc.a(strrev.o)
 *(.bss*)
 *(COMMON)
 COMMON         0x00800101       0x2b adc_skel.o
                0x00800101                adc_result
                0x00800103                lcd_str_l
                0x00800113                i
                0x00800114                fp_low_result
                0x00800118                lcd_str_h
                0x00800128                fp_adc_result
 COMMON         0x0080012c       0x30 hd44780.o
                0x0080012c                lcd_string_array
                0x0080014c                lcd_str
                0x0080015c                PROVIDE (__bss_end, .)
                0x000008e4                __data_load_start = LOADADDR (.data)
                0x000008e4                __data_load_end = (__data_load_start + SIZEOF (.data))

.noinit         0x0080015c        0x0
                0x0080015c                PROVIDE (__noinit_start, .)
 *(.noinit*)
                0x0080015c                PROVIDE (__noinit_end, .)
                0x0080015c                _end = .
                0x0080015c                PROVIDE (__heap_start, .)

.eeprom         0x00810000        0x0
 *(.eeprom*)
                0x00810000                __eeprom_end = .

.fuse
 *(.fuse)
 *(.lfuse)
 *(.hfuse)
 *(.efuse)

.lock
 *(.lock*)

.signature
 *(.signature*)

.user_signatures
 *(.user_signatures*)

.stab
 *(.stab)

.stabstr
 *(.stabstr)

.stab.excl
 *(.stab.excl)

.stab.exclstr
 *(.stab.exclstr)

.stab.index
 *(.stab.index)

.stab.indexstr
 *(.stab.indexstr)

.comment        0x00000000       0x11
 *(.comment)
 .comment       0x00000000       0x11 adc_skel.o
                                 0x12 (size before relaxing)
 .comment       0x00000000       0x12 hd44780.o

.debug
 *(.debug)

.line
 *(.line)

.debug_srcinfo
 *(.debug_srcinfo)

.debug_sfnames
 *(.debug_sfnames)

.debug_aranges  0x00000000      0x128
 *(.debug_aranges)
 .debug_aranges
                0x00000000       0x28 adc_skel.o
 .debug_aranges
                0x00000028       0x20 hd44780.o
 .debug_aranges
                0x00000048       0x20 /usr/local/CrossPack-AVR-20131216/lib/gcc/avr/4.8.1/avr51/libgcc.a(_divmodhi4.o)
 .debug_aranges
                0x00000068       0x20 /usr/local/CrossPack-AVR-20131216/lib/gcc/avr/4.8.1/avr51/libgcc.a(_divmodsi4.o)
 .debug_aranges
                0x00000088       0x20 /usr/local/CrossPack-AVR-20131216/lib/gcc/avr/4.8.1/avr51/libgcc.a(_negsi2.o)
 .debug_aranges
                0x000000a8       0x20 /usr/local/CrossPack-AVR-20131216/lib/gcc/avr/4.8.1/avr51/libgcc.a(_exit.o)
 .debug_aranges
                0x000000c8       0x20 /usr/local/CrossPack-AVR-20131216/lib/gcc/avr/4.8.1/avr51/libgcc.a(_clear_bss.o)
 .debug_aranges
                0x000000e8       0x20 /usr/local/CrossPack-AVR-20131216/lib/gcc/avr/4.8.1/avr51/libgcc.a(_udivmodhi4.o)
 .debug_aranges
                0x00000108       0x20 /usr/local/CrossPack-AVR-20131216/lib/gcc/avr/4.8.1/avr51/libgcc.a(_udivmodsi4.o)

.debug_pubnames
 *(.debug_pubnames)

.debug_info     0x00000000     0x188f
 *(.debug_info)
 .debug_info    0x00000000      0x43f adc_skel.o
 .debug_info    0x0000043f      0xf17 hd44780.o
 .debug_info    0x00001356       0xbf /usr/local/CrossPack-AVR-20131216/lib/gcc/avr/4.8.1/avr51/libgcc.a(_divmodhi4.o)
 .debug_info    0x00001415       0xbf /usr/local/CrossPack-AVR-20131216/lib/gcc/avr/4.8.1/avr51/libgcc.a(_divmodsi4.o)
 .debug_info    0x000014d4       0xbf /usr/local/CrossPack-AVR-20131216/lib/gcc/avr/4.8.1/avr51/libgcc.a(_negsi2.o)
 .debug_info    0x00001593       0xbf /usr/local/CrossPack-AVR-20131216/lib/gcc/avr/4.8.1/avr51/libgcc.a(_exit.o)
 .debug_info    0x00001652       0xbf /usr/local/CrossPack-AVR-20131216/lib/gcc/avr/4.8.1/avr51/libgcc.a(_clear_bss.o)
 .debug_info    0x00001711       0xbf /usr/local/CrossPack-AVR-20131216/lib/gcc/avr/4.8.1/avr51/libgcc.a(_udivmodhi4.o)
 .debug_info    0x000017d0       0xbf /usr/local/CrossPack-AVR-20131216/lib/gcc/avr/4.8.1/avr51/libgcc.a(_udivmodsi4.o)
 *(.gnu.linkonce.wi.*)

.debug_abbrev   0x00000000      0x5db
 *(.debug_abbrev)
 .debug_abbrev  0x00000000      0x247 adc_skel.o
 .debug_abbrev  0x00000247      0x308 hd44780.o
 .debug_abbrev  0x0000054f       0x14 /usr/local/CrossPack-AVR-20131216/lib/gcc/avr/4.8.1/avr51/libgcc.a(_divmodhi4.o)
 .debug_abbrev  0x00000563       0x14 /usr/local/CrossPack-AVR-20131216/lib/gcc/avr/4.8.1/avr51/libgcc.a(_divmodsi4.o)
 .debug_abbrev  0x00000577       0x14 /usr/local/CrossPack-AVR-20131216/lib/gcc/avr/4.8.1/avr51/libgcc.a(_negsi2.o)
 .debug_abbrev  0x0000058b       0x14 /usr/local/CrossPack-AVR-20131216/lib/gcc/avr/4.8.1/avr51/libgcc.a(_exit.o)
 .debug_abbrev  0x0000059f       0x14 /usr/local/CrossPack-AVR-20131216/lib/gcc/avr/4.8.1/avr51/libgcc.a(_clear_bss.o)
 .debug_abbrev  0x000005b3       0x14 /usr/local/CrossPack-AVR-20131216/lib/gcc/avr/4.8.1/avr51/libgcc.a(_udivmodhi4.o)
 .debug_abbrev  0x000005c7       0x14 /usr/local/CrossPack-AVR-20131216/lib/gcc/avr/4.8.1/avr51/libgcc.a(_udivmodsi4.o)

.debug_line     0x00000000      0x6d5
 *(.debug_line)
 .debug_line    0x00000000      0x11c adc_skel.o
 .debug_line    0x0000011c      0x2f6 hd44780.o
 .debug_line    0x00000412       0x69 /usr/local/CrossPack-AVR-20131216/lib/gcc/avr/4.8.1/avr51/libgcc.a(_divmodhi4.o)
 .debug_line    0x0000047b       0x6a /usr/local/CrossPack-AVR-20131216/lib/gcc/avr/4.8.1/avr51/libgcc.a(_divmodsi4.o)
 .debug_line    0x000004e5       0x58 /usr/local/CrossPack-AVR-20131216/lib/gcc/avr/4.8.1/avr51/libgcc.a(_negsi2.o)
 .debug_line    0x0000053d       0x58 /usr/local/CrossPack-AVR-20131216/lib/gcc/avr/4.8.1/avr51/libgcc.a(_exit.o)
 .debug_line    0x00000595       0x5e /usr/local/CrossPack-AVR-20131216/lib/gcc/avr/4.8.1/avr51/libgcc.a(_clear_bss.o)
 .debug_line    0x000005f3       0x6a /usr/local/CrossPack-AVR-20131216/lib/gcc/avr/4.8.1/avr51/libgcc.a(_udivmodhi4.o)
 .debug_line    0x0000065d       0x78 /usr/local/CrossPack-AVR-20131216/lib/gcc/avr/4.8.1/avr51/libgcc.a(_udivmodsi4.o)

.debug_frame    0x00000000      0x260
 *(.debug_frame)
 .debug_frame   0x00000000       0x34 adc_skel.o
 .debug_frame   0x00000034      0x22c hd44780.o

.debug_str      0x00000000      0x2f9
 *(.debug_str)
 .debug_str     0x00000000      0x1a7 adc_skel.o
                                0x1f6 (size before relaxing)
 .debug_str     0x000001a7      0x152 hd44780.o
                                0x2eb (size before relaxing)

.debug_loc      0x00000000      0xc6d
 *(.debug_loc)
 .debug_loc     0x00000000       0x2e adc_skel.o
 .debug_loc     0x0000002e      0xc3f hd44780.o

.debug_macinfo
 *(.debug_macinfo)

.debug_pubtypes
 *(.debug_pubtypes)

.debug_ranges   0x00000000       0x30
 *(.debug_ranges)
 .debug_ranges  0x00000000       0x18 adc_skel.o
 .debug_ranges  0x00000018       0x18 hd44780.o

.debug_macro
 *(.debug_macro)
OUTPUT(adc_skel.elf elf32-avr)
LOAD linker stubs
